******************************************************************************
                  TI ARM Linker PC v18.1.1                     
******************************************************************************
>> Linked Wed Apr 11 00:14:20 2018

OUTPUT FILE NAME:   <lab6_tiva.out>
ENTRY POINT SYMBOL: "_c_int00_noargs"  address: 00004431


MEMORY CONFIGURATION

         name            origin    length      used     unused   attr    fill
----------------------  --------  ---------  --------  --------  ----  --------
  FLASH                 00000000   00040000  00004b3e  0003b4c2  R  X
  SRAM                  20000000   00008000  000004a0  00007b60  RW X


SEGMENT ALLOCATION MAP

run origin  load origin   length   init length attrs members
----------  ----------- ---------- ----------- ----- -------
00000000    00000000    00004b48   00004b48    r-x
  00000000    00000000    0000026c   0000026c    r-- .intvecs
  0000026c    0000026c    00004306   00004306    r-x .text
  00004578    00004578    00000584   00000584    r-- .const
  00004b00    00004b00    00000048   00000048    r-- .cinit
20000000    20000000    000004a0   00000000    rw-
  20000000    20000000    0000026c   00000000    rw- .vtable
  2000026c    2000026c    00000004   00000000    rw- .bss
  20000270    20000270    00000200   00000000    rw- .stack
  20000470    20000470    00000030   00000000    rw- .data


SECTION ALLOCATION MAP

 output                                  attributes/
section   page    origin      length       input sections
--------  ----  ----------  ----------   ----------------
.intvecs   0    00000000    0000026c     
                  00000000    0000026c     tm4c123gh6pm_startup_ccs.obj (.intvecs)

.text      0    0000026c    00004306     
                  0000026c    00003670     main.obj (.text)
                  000038dc    000002ec     rtsv7M4_T_le_v4SPD16_eabi.lib : s_atan.c.obj (.text:atan)
                  00003bc8    000001ec                                   : e_atan2.c.obj (.text:atan2)
                  00003db4    000001b6                                   : fd_add_t2.asm.obj (.text)
                  00003f6a    00000136                                   : fd_div_t2.asm.obj (.text)
                  000040a0    000000fc                                   : fd_mul_t2.asm.obj (.text)
                  0000419c    0000009c                                   : memcpy_t2.asm.obj (.text)
                  00004238    00000086                                   : fd_cmp_t2.asm.obj (.text:__aeabi_cdcmple)
                  000042be    00000086                                   : fd_cmp_t2.asm.obj (.text:__aeabi_cdrcmple)
                  00004344    00000068                                   : copy_decompress_lzss.c.obj (.text:decompress:lzss:__TI_decompress_lzss)
                  000043ac    00000044                                   : autoinit.c.obj (.text:__TI_auto_init_nobinit_nopinit:__TI_auto_init_nobinit_nopinit)
                  000043f0    00000040     driverlib.lib : uart.obj (.text:UARTConfigSetExpClk)
                  00004430    00000038     rtsv7M4_T_le_v4SPD16_eabi.lib : boot_cortex_m.c.obj (.text:_c_int00_noargs:_c_int00_noargs)
                  00004468    00000020                                   : u_tofd_t2.asm.obj (.text)
                  00004488    0000001c     driverlib.lib : uart.obj (.text:UARTDisable)
                  000044a4    00000014                   : systick.obj (.text:SysTickEnable)
                  000044b8    00000014                   : uart.obj (.text:UARTEnable)
                  000044cc    00000012     rtsv7M4_T_le_v4SPD16_eabi.lib : copy_zero_init.c.obj (.text:decompress:ZI:__TI_zero_init_nomemset:__TI_zero_init_nomemset)
                  000044de    00000002     --HOLE-- [fill = 0]
                  000044e0    00000010     driverlib.lib : systick.obj (.text:SysTickPeriodSet)
                  000044f0    0000000e     rtsv7M4_T_le_v4SPD16_eabi.lib : copy_decompress_none.c.obj (.text:decompress:none:__TI_decompress_none)
                  000044fe    0000000c     driverlib.lib : cpu.obj (.text:CPUcpsid)
                  0000450a    0000000c                   : cpu.obj (.text:CPUcpsie)
                  00004516    00000002     --HOLE-- [fill = 0]
                  00004518    0000000c                   : systick.obj (.text:SysTickValueGet)
                  00004524    0000000c                   : uart.obj (.text:UARTCharsAvail)
                  00004530    0000000c     tm4c123gh6pm_startup_ccs.obj (.text)
                  0000453c    0000000a     driverlib.lib : cpu.obj (.text:CPUbasepriGet)
                  00004546    0000000a                   : uart.obj (.text:UARTCharGet)
                  00004550    0000000a                   : uart.obj (.text:UARTCharPut)
                  0000455a    00000006                   : cpu.obj (.text:CPUbasepriSet)
                  00004560    00000006     main.obj (.text:SysCtlDelay)
                  00004566    00000004     driverlib.lib : cpu.obj (.text:CPUwfi)
                  0000456a    00000004     rtsv7M4_T_le_v4SPD16_eabi.lib : pre_init.c.obj (.text:_system_pre_init)
                  0000456e    00000004                                   : exit.c.obj (.text:abort:abort)

.const     0    00004578    00000584     
                  00004578    00000120     main.obj (.const:g_pppui32XTALtoVCO)
                  00004698    000000c0     main.obj (.const:g_ppui32GPIOIntMapBlizzard)
                  00004758    000000c0     main.obj (.const:g_ppui32GPIOIntMapSnowflake)
                  00004818    0000009c     main.obj (.const:g_pui32Regs)
                  000048b4    00000004     --HOLE-- [fill = 0]
                  000048b8    00000098     rtsv7M4_T_le_v4SPD16_eabi.lib : s_atan.c.obj (.const:$O1$$)
                  00004950    00000090     main.obj (.const:g_pui32GPIOBaseAddrs)
                  000049e0    0000006c     main.obj (.const:g_pui32Xtals)
                  00004a4c    00000038     main.obj (.const:g_sXTALtoMEMTIM)
                  00004a84    00000020     main.obj (.const:g_pui32Priority)
                  00004aa4    00000014     main.obj (.const:g_pui32Dii16Regs)
                  00004ab8    00000014     main.obj (.const:g_pui32EnRegs)
                  00004acc    00000014     main.obj (.const:g_pui32PendRegs)
                  00004ae0    00000014     main.obj (.const:g_pui32UnpendRegs)
                  00004af4    00000008     main.obj (.const:g_pui32VCOFrequencies)

.cinit     0    00004b00    00000048     
                  00004b00    0000000e     (.cinit..data.load) [load image, compression = lzss]
                  00004b0e    00000002     --HOLE-- [fill = 0]
                  00004b10    0000000c     (__TI_handler_table)
                  00004b1c    00000004     --HOLE-- [fill = 0]
                  00004b20    00000008     (.cinit..bss.load) [load image, compression = zero_init]
                  00004b28    00000008     (.cinit..vtable.load) [load image, compression = zero_init]
                  00004b30    00000018     (__TI_cinit_table)

.init_array 
*          0    00000000    00000000     UNINITIALIZED

.vtable    0    20000000    0000026c     UNINITIALIZED
                  20000000    0000026c     main.obj (.vtable)

.bss       0    2000026c    00000004     UNINITIALIZED
                  2000026c    00000004     main.obj (.bss:g_pui8OversampleFactor)

.data      0    20000470    00000030     UNINITIALIZED
                  20000470    00000030     main.obj (.data)

.stack     0    20000270    00000200     UNINITIALIZED
                  20000270    00000004     rtsv7M4_T_le_v4SPD16_eabi.lib : boot_cortex_m.c.obj (.stack)
                  20000274    000001fc     --HOLE--

MODULE SUMMARY

       Module                         code    ro data   rw data
       ------                         ----    -------   -------
    .\
       main.obj                       13942   1256      672    
       tm4c123gh6pm_startup_ccs.obj   12      620       0      
    +--+------------------------------+-------+---------+---------+
       Total:                         13954   1876      672    
                                                               
    C:/TivaWare/driverlib/ccs/Debug/driverlib.lib
       uart.obj                       144     0         0      
       systick.obj                    48      0         0      
       cpu.obj                        44      0         0      
    +--+------------------------------+-------+---------+---------+
       Total:                         236     0         0      
                                                               
    C:\ti\ccsv8\tools\compiler\ti-cgt-arm_18.1.1.LTS\lib\rtsv7M4_T_le_v4SPD16_eabi.lib
       s_atan.c.obj                   748     152       0      
       e_atan2.c.obj                  492     0         0      
       fd_add_t2.asm.obj              438     0         0      
       fd_div_t2.asm.obj              310     0         0      
       fd_cmp_t2.asm.obj              268     0         0      
       fd_mul_t2.asm.obj              252     0         0      
       memcpy_t2.asm.obj              156     0         0      
       copy_decompress_lzss.c.obj     104     0         0      
       autoinit.c.obj                 68      0         0      
       boot_cortex_m.c.obj            56      0         0      
       u_tofd_t2.asm.obj              32      0         0      
       copy_zero_init.c.obj           18      0         0      
       copy_decompress_none.c.obj     14      0         0      
       exit.c.obj                     4       0         0      
       pre_init.c.obj                 4       0         0      
    +--+------------------------------+-------+---------+---------+
       Total:                         2964    152       0      
                                                               
       Stack:                         0       0         512    
       Linker Generated:              0       66        0      
    +--+------------------------------+-------+---------+---------+
       Grand Total:                   17154   2094      1184   


LINKER GENERATED COPY TABLES

__TI_cinit_table @ 00004b30 records: 3, size/record: 8, table size: 24
	.data: load addr=00004b00, load size=0000000e bytes, run addr=20000470, run size=00000030 bytes, compression=lzss
	.bss: load addr=00004b20, load size=00000008 bytes, run addr=2000026c, run size=00000004 bytes, compression=zero_init
	.vtable: load addr=00004b28, load size=00000008 bytes, run addr=20000000, run size=0000026c bytes, compression=zero_init


LINKER GENERATED HANDLER TABLE

__TI_handler_table @ 00004b10 records: 3, size/record: 4, table size: 12
	index: 0, handler: __TI_zero_init
	index: 1, handler: __TI_decompress_lzss
	index: 2, handler: __TI_decompress_none


GLOBAL SYMBOLS: SORTED ALPHABETICALLY BY Name 

address   name                              
-------   ----                              
00002ee9  ADCBusy                           
00002d01  ADCComparatorConfigure            
00002dd1  ADCComparatorIntClear             
00002d87  ADCComparatorIntDisable           
00002da5  ADCComparatorIntEnable            
00002dc3  ADCComparatorIntStatus            
00002d1d  ADCComparatorRegionSet            
00002d41  ADCComparatorReset                
00002ccf  ADCHardwareOversampleConfigure    
00002921  ADCIntClear                       
00002e4b  ADCIntClearEx                     
00002887  ADCIntDisable                     
00002de3  ADCIntDisableEx                   
000028a3  ADCIntEnable                      
00002dfb  ADCIntEnableEx                    
00002841  ADCIntRegister                    
000028c9  ADCIntStatus                      
00002e19  ADCIntStatusEx                    
00002869  ADCIntUnregister                  
00002ea3  ADCPhaseDelayGet                  
00002e91  ADCPhaseDelaySet                  
00002b45  ADCProcessorTrigger               
00002e7f  ADCReferenceGet                   
00002e63  ADCReferenceSet                   
0000296b  ADCSequenceConfigure              
00002ecd  ADCSequenceDMADisable             
00002eb1  ADCSequenceDMAEnable              
00002b03  ADCSequenceDataGet                
00002951  ADCSequenceDisable                
00002937  ADCSequenceEnable                 
00002a91  ADCSequenceOverflow               
00002ab9  ADCSequenceOverflowClear          
000029c1  ADCSequenceStepConfigure          
00002ad5  ADCSequenceUnderflow              
00002aed  ADCSequenceUnderflowClear         
00002b69  ADCSoftwareOversampleConfigure    
00002c61  ADCSoftwareOversampleDataGet      
00002ba1  ADCSoftwareOversampleStepConfigure
0000456f  C$$EXIT                           
0000453d  CPUbasepriGet                     
0000455b  CPUbasepriSet                     
000044ff  CPUcpsid                          
0000450b  CPUcpsie                          
00004567  CPUwfi                            
00000df3  GPIOADCTriggerDisable             
00000dd5  GPIOADCTriggerEnable              
00000db7  GPIODMATriggerDisable             
00000d99  GPIODMATriggerEnable              
00000327  GPIODirModeGet                    
000002cb  GPIODirModeSet                    
0000088f  GPIOIntClear                      
00000853  GPIOIntDisable                    
00000839  GPIOIntEnable                     
000008a3  GPIOIntRegister                   
0000086d  GPIOIntStatus                     
00000417  GPIOIntTypeGet                    
00000373  GPIOIntTypeSet                    
000008c1  GPIOIntUnregister                 
000006e7  GPIOPadConfigGet                  
000004ad  GPIOPadConfigSet                  
00000d3b  GPIOPinConfigure                  
000008db  GPIOPinRead                       
00000913  GPIOPinTypeADC                    
00000937  GPIOPinTypeCAN                    
00000d07  GPIOPinTypeCIR                    
0000095b  GPIOPinTypeComparator             
0000097f  GPIOPinTypeEPI                    
000009a3  GPIOPinTypeEthernetLED            
000009c7  GPIOPinTypeEthernetMII            
000009eb  GPIOPinTypeFan                    
00000a0f  GPIOPinTypeGPIOInput              
00000a33  GPIOPinTypeGPIOOutput             
00000a57  GPIOPinTypeGPIOOutputOD           
00000a7b  GPIOPinTypeI2C                    
00000a9f  GPIOPinTypeI2CSCL                 
00000cbf  GPIOPinTypeKBColumn               
00000c9b  GPIOPinTypeKBRow                  
00000ac3  GPIOPinTypeLCD                    
00000ce3  GPIOPinTypeLEDSeq                 
00000ae7  GPIOPinTypeLPC                    
00000b0b  GPIOPinTypePECIRx                 
00000b2f  GPIOPinTypePECITx                 
00000b53  GPIOPinTypePWM                    
00000b77  GPIOPinTypeQEI                    
00000b9b  GPIOPinTypeSSI                    
00000bbf  GPIOPinTypeTimer                  
00000be3  GPIOPinTypeUART                   
00000c07  GPIOPinTypeUSBAnalog              
00000c2b  GPIOPinTypeUSBDigital             
00000c4f  GPIOPinTypeWakeHigh               
00000c75  GPIOPinTypeWakeLow                
00000d2b  GPIOPinWakeStatus                 
000008f3  GPIOPinWrite                      
00001ec5  IntDisable                        
00001e3d  IntEnable                         
00001f45  IntIsEnabled                      
00001cdb  IntMasterDisable                  
00001ccb  IntMasterEnable                   
00002039  IntPendClear                      
00001fc9  IntPendSet                        
00001e11  IntPriorityGet                    
00001d79  IntPriorityGroupingGet            
00001d5b  IntPriorityGroupingSet            
00002093  IntPriorityMaskGet                
00002087  IntPriorityMaskSet                
00001dc1  IntPrioritySet                    
00001cf5  IntRegister                       
000020a1  IntTrigger                        
00001d47  IntUnregister                     
0000274f  PWMClockGet                       
0000272f  PWMClockSet                       
00002269  PWMDeadBandDisable                
00002231  PWMDeadBandEnable                 
000025f7  PWMFaultIntClear                  
00002629  PWMFaultIntClearExt               
00002511  PWMFaultIntRegister               
0000252f  PWMFaultIntUnregister             
000020b3  PWMGenConfigure                   
0000217f  PWMGenDisable                     
00002165  PWMGenEnable                      
000026f9  PWMGenFaultClear                  
0000264d  PWMGenFaultConfigure              
000026c5  PWMGenFaultStatus                 
000026a1  PWMGenFaultTriggerGet             
00002677  PWMGenFaultTriggerSet             
000025af  PWMGenIntClear                    
00002483  PWMGenIntRegister                 
00002585  PWMGenIntStatus                   
00002567  PWMGenIntTrigDisable              
00002549  PWMGenIntTrigEnable               
000024ab  PWMGenIntUnregister               
00002135  PWMGenPeriodGet                   
00002101  PWMGenPeriodSet                   
000025df  PWMIntDisable                     
000025c7  PWMIntEnable                      
00002609  PWMIntStatus                      
00002351  PWMOutputFault                    
00002319  PWMOutputFaultLevel               
000022e3  PWMOutputInvert                   
000022b1  PWMOutputState                    
00002779  PWMOutputUpdateMode               
000021e7  PWMPulseWidthGet                  
0000219d  PWMPulseWidthSet                  
0000229b  PWMSyncTimeBase                   
00002289  PWMSyncUpdate                     
00004531  ResetISR                          
00001beb  SysCtlADCSpeedGet                 
00001bc1  SysCtlADCSpeedSet                 
00001cb9  SysCtlAltClkConfig                
00001481  SysCtlClockFreqSet                
0000196d  SysCtlClockGet                    
00001c9d  SysCtlClockOutConfig              
0000179d  SysCtlClockSet                    
00001381  SysCtlDeepSleep                   
00001ad5  SysCtlDeepSleepClockConfigSet     
00001ab9  SysCtlDeepSleepClockSet           
00001361  SysCtlDeepSleepPowerSet           
00004561  SysCtlDelay                       
00000f07  SysCtlFlashSectorSizeGet          
00000edb  SysCtlFlashSizeGet                
00001c15  SysCtlGPIOAHBDisable              
00001bf9  SysCtlGPIOAHBEnable               
000012f5  SysCtlIntClear                    
000012dd  SysCtlIntDisable                  
000012c9  SysCtlIntEnable                   
000012a5  SysCtlIntRegister                 
00001305  SysCtlIntStatus                   
000012b9  SysCtlIntUnregister               
00001347  SysCtlLDODeepSleepGet             
00001337  SysCtlLDODeepSleepSet             
00001331  SysCtlLDOSleepGet                 
00001321  SysCtlLDOSleepSet                 
000013b7  SysCtlMOSCConfigSet               
00001c89  SysCtlNMIClear                    
00001c7d  SysCtlNMIStatus                   
000013cd  SysCtlPIOSCCalibrate              
00001ba7  SysCtlPWMClockGet                 
00001b8d  SysCtlPWMClockSet                 
0000124d  SysCtlPeripheralClockGating       
00001209  SysCtlPeripheralDeepSleepDisable  
000011b5  SysCtlPeripheralDeepSleepEnable   
000010f1  SysCtlPeripheralDisable           
000010b5  SysCtlPeripheralEnable            
00000fe9  SysCtlPeripheralPowerOff          
00000fad  SysCtlPeripheralPowerOn           
00000f2d  SysCtlPeripheralPresent           
00000f6d  SysCtlPeripheralReady             
0000102d  SysCtlPeripheralReset             
00001179  SysCtlPeripheralSleepDisable      
00001135  SysCtlPeripheralSleepEnable       
00001371  SysCtlReset                       
0000142d  SysCtlResetBehaviorGet            
0000141d  SysCtlResetBehaviorSet            
000013a3  SysCtlResetCauseClear             
0000139d  SysCtlResetCauseGet               
00000ed1  SysCtlSRAMSizeGet                 
00001379  SysCtlSleep                       
0000134d  SysCtlSleepPowerSet               
00001c3d  SysCtlUSBPLLDisable               
00001c31  SysCtlUSBPLLEnable                
00001c65  SysCtlVoltageEventClear           
00001c49  SysCtlVoltageEventConfig          
00001c59  SysCtlVoltageEventStatus          
000044a5  SysTickEnable                     
000044e1  SysTickPeriodSet                  
00004519  SysTickValueGet                   
00004547  UARTCharGet                       
00004551  UARTCharPut                       
00004525  UARTCharsAvail                    
000043f1  UARTConfigSetExpClk               
00004489  UARTDisable                       
000044b9  UARTEnable                        
00003067  UART_response                     
20000470  __STACK_END                       
00000200  __STACK_SIZE                      
20000470  __STACK_TOP                       
00004b30  __TI_CINIT_Base                   
00004b48  __TI_CINIT_Limit                  
00004b10  __TI_Handler_Table_Base           
00004b1c  __TI_Handler_Table_Limit          
000043ad  __TI_auto_init_nobinit_nopinit    
00004345  __TI_decompress_lzss              
000044f1  __TI_decompress_none              
ffffffff  __TI_pprof_out_hndl               
ffffffff  __TI_prof_data_size               
ffffffff  __TI_prof_data_start              
00000000  __TI_static_base__                
000044cd  __TI_zero_init_nomemset           
00004239  __aeabi_cdcmpeq                   
00004239  __aeabi_cdcmple                   
000042bf  __aeabi_cdrcmple                  
00003dbf  __aeabi_dadd                      
00003f6b  __aeabi_ddiv                      
000040a1  __aeabi_dmul                      
00003db5  __aeabi_dsub                      
0000419d  __aeabi_memcpy                    
0000419d  __aeabi_memcpy4                   
0000419d  __aeabi_memcpy8                   
00004469  __aeabi_ui2d                      
ffffffff  __binit__                         
ffffffff  __c_args__                        
UNDEFED   __mpu_init                        
20000270  __stack                           
00004431  _c_int00_noargs                   
UNDEFED   _system_post_cinit                
0000456b  _system_pre_init                  
0000456f  abort                             
000038dd  atan                              
00003bc9  atan2                             
00003bc9  atan2l                            
000038dd  atanl                             
ffffffff  binit                             
20000484  bump_flag                         
00003519  bump_response                     
2000049c  front                             
00003585  front_response                    
20000000  g_pfnRAMVectors                   
00000000  g_pfnVectors                      
0000345f  gpioPort_aInt                     
000034bf  gpioPort_cInt                     
000034dd  gpioPort_dInt                     
000031af  gpio_start_interrupt              
00002f93  init_UART                         
0000320b  irInit                            
00003269  irPull                            
20000498  left                              
20000470  left_wheel_edge_count             
0000379d  left_wheel_moveBackwards          
000037d1  left_wheel_moveForward            
00002f07  main                              
0000419d  memcpy                            
00003775  moveBackwards                     
00003715  moveForward                       
000035fd  moveForward_x                     
000032d9  moveInit                          
00003751  moveStop                          
20000490  obst_flag                         
20000494  right                             
20000478  right_wheel_edge_count            
000037ad  right_wheel_moveBackwards         
000037e1  right_wheel_moveForward           
0000300b  rx_UART                           
20000488  timeA                             
2000048c  timeB                             
20000480  toggle                            
00003819  turn_bot                          
000036ad  turn_left                         
00003651  turn_right                        
00002fd7  tx_UART                           
000036f9  wheel_speed                       


GLOBAL SYMBOLS: SORTED BY Symbol Address 

address   name                              
-------   ----                              
00000000  __TI_static_base__                
00000000  g_pfnVectors                      
00000200  __STACK_SIZE                      
000002cb  GPIODirModeSet                    
00000327  GPIODirModeGet                    
00000373  GPIOIntTypeSet                    
00000417  GPIOIntTypeGet                    
000004ad  GPIOPadConfigSet                  
000006e7  GPIOPadConfigGet                  
00000839  GPIOIntEnable                     
00000853  GPIOIntDisable                    
0000086d  GPIOIntStatus                     
0000088f  GPIOIntClear                      
000008a3  GPIOIntRegister                   
000008c1  GPIOIntUnregister                 
000008db  GPIOPinRead                       
000008f3  GPIOPinWrite                      
00000913  GPIOPinTypeADC                    
00000937  GPIOPinTypeCAN                    
0000095b  GPIOPinTypeComparator             
0000097f  GPIOPinTypeEPI                    
000009a3  GPIOPinTypeEthernetLED            
000009c7  GPIOPinTypeEthernetMII            
000009eb  GPIOPinTypeFan                    
00000a0f  GPIOPinTypeGPIOInput              
00000a33  GPIOPinTypeGPIOOutput             
00000a57  GPIOPinTypeGPIOOutputOD           
00000a7b  GPIOPinTypeI2C                    
00000a9f  GPIOPinTypeI2CSCL                 
00000ac3  GPIOPinTypeLCD                    
00000ae7  GPIOPinTypeLPC                    
00000b0b  GPIOPinTypePECIRx                 
00000b2f  GPIOPinTypePECITx                 
00000b53  GPIOPinTypePWM                    
00000b77  GPIOPinTypeQEI                    
00000b9b  GPIOPinTypeSSI                    
00000bbf  GPIOPinTypeTimer                  
00000be3  GPIOPinTypeUART                   
00000c07  GPIOPinTypeUSBAnalog              
00000c2b  GPIOPinTypeUSBDigital             
00000c4f  GPIOPinTypeWakeHigh               
00000c75  GPIOPinTypeWakeLow                
00000c9b  GPIOPinTypeKBRow                  
00000cbf  GPIOPinTypeKBColumn               
00000ce3  GPIOPinTypeLEDSeq                 
00000d07  GPIOPinTypeCIR                    
00000d2b  GPIOPinWakeStatus                 
00000d3b  GPIOPinConfigure                  
00000d99  GPIODMATriggerEnable              
00000db7  GPIODMATriggerDisable             
00000dd5  GPIOADCTriggerEnable              
00000df3  GPIOADCTriggerDisable             
00000ed1  SysCtlSRAMSizeGet                 
00000edb  SysCtlFlashSizeGet                
00000f07  SysCtlFlashSectorSizeGet          
00000f2d  SysCtlPeripheralPresent           
00000f6d  SysCtlPeripheralReady             
00000fad  SysCtlPeripheralPowerOn           
00000fe9  SysCtlPeripheralPowerOff          
0000102d  SysCtlPeripheralReset             
000010b5  SysCtlPeripheralEnable            
000010f1  SysCtlPeripheralDisable           
00001135  SysCtlPeripheralSleepEnable       
00001179  SysCtlPeripheralSleepDisable      
000011b5  SysCtlPeripheralDeepSleepEnable   
00001209  SysCtlPeripheralDeepSleepDisable  
0000124d  SysCtlPeripheralClockGating       
000012a5  SysCtlIntRegister                 
000012b9  SysCtlIntUnregister               
000012c9  SysCtlIntEnable                   
000012dd  SysCtlIntDisable                  
000012f5  SysCtlIntClear                    
00001305  SysCtlIntStatus                   
00001321  SysCtlLDOSleepSet                 
00001331  SysCtlLDOSleepGet                 
00001337  SysCtlLDODeepSleepSet             
00001347  SysCtlLDODeepSleepGet             
0000134d  SysCtlSleepPowerSet               
00001361  SysCtlDeepSleepPowerSet           
00001371  SysCtlReset                       
00001379  SysCtlSleep                       
00001381  SysCtlDeepSleep                   
0000139d  SysCtlResetCauseGet               
000013a3  SysCtlResetCauseClear             
000013b7  SysCtlMOSCConfigSet               
000013cd  SysCtlPIOSCCalibrate              
0000141d  SysCtlResetBehaviorSet            
0000142d  SysCtlResetBehaviorGet            
00001481  SysCtlClockFreqSet                
0000179d  SysCtlClockSet                    
0000196d  SysCtlClockGet                    
00001ab9  SysCtlDeepSleepClockSet           
00001ad5  SysCtlDeepSleepClockConfigSet     
00001b8d  SysCtlPWMClockSet                 
00001ba7  SysCtlPWMClockGet                 
00001bc1  SysCtlADCSpeedSet                 
00001beb  SysCtlADCSpeedGet                 
00001bf9  SysCtlGPIOAHBEnable               
00001c15  SysCtlGPIOAHBDisable              
00001c31  SysCtlUSBPLLEnable                
00001c3d  SysCtlUSBPLLDisable               
00001c49  SysCtlVoltageEventConfig          
00001c59  SysCtlVoltageEventStatus          
00001c65  SysCtlVoltageEventClear           
00001c7d  SysCtlNMIStatus                   
00001c89  SysCtlNMIClear                    
00001c9d  SysCtlClockOutConfig              
00001cb9  SysCtlAltClkConfig                
00001ccb  IntMasterEnable                   
00001cdb  IntMasterDisable                  
00001cf5  IntRegister                       
00001d47  IntUnregister                     
00001d5b  IntPriorityGroupingSet            
00001d79  IntPriorityGroupingGet            
00001dc1  IntPrioritySet                    
00001e11  IntPriorityGet                    
00001e3d  IntEnable                         
00001ec5  IntDisable                        
00001f45  IntIsEnabled                      
00001fc9  IntPendSet                        
00002039  IntPendClear                      
00002087  IntPriorityMaskSet                
00002093  IntPriorityMaskGet                
000020a1  IntTrigger                        
000020b3  PWMGenConfigure                   
00002101  PWMGenPeriodSet                   
00002135  PWMGenPeriodGet                   
00002165  PWMGenEnable                      
0000217f  PWMGenDisable                     
0000219d  PWMPulseWidthSet                  
000021e7  PWMPulseWidthGet                  
00002231  PWMDeadBandEnable                 
00002269  PWMDeadBandDisable                
00002289  PWMSyncUpdate                     
0000229b  PWMSyncTimeBase                   
000022b1  PWMOutputState                    
000022e3  PWMOutputInvert                   
00002319  PWMOutputFaultLevel               
00002351  PWMOutputFault                    
00002483  PWMGenIntRegister                 
000024ab  PWMGenIntUnregister               
00002511  PWMFaultIntRegister               
0000252f  PWMFaultIntUnregister             
00002549  PWMGenIntTrigEnable               
00002567  PWMGenIntTrigDisable              
00002585  PWMGenIntStatus                   
000025af  PWMGenIntClear                    
000025c7  PWMIntEnable                      
000025df  PWMIntDisable                     
000025f7  PWMFaultIntClear                  
00002609  PWMIntStatus                      
00002629  PWMFaultIntClearExt               
0000264d  PWMGenFaultConfigure              
00002677  PWMGenFaultTriggerSet             
000026a1  PWMGenFaultTriggerGet             
000026c5  PWMGenFaultStatus                 
000026f9  PWMGenFaultClear                  
0000272f  PWMClockSet                       
0000274f  PWMClockGet                       
00002779  PWMOutputUpdateMode               
00002841  ADCIntRegister                    
00002869  ADCIntUnregister                  
00002887  ADCIntDisable                     
000028a3  ADCIntEnable                      
000028c9  ADCIntStatus                      
00002921  ADCIntClear                       
00002937  ADCSequenceEnable                 
00002951  ADCSequenceDisable                
0000296b  ADCSequenceConfigure              
000029c1  ADCSequenceStepConfigure          
00002a91  ADCSequenceOverflow               
00002ab9  ADCSequenceOverflowClear          
00002ad5  ADCSequenceUnderflow              
00002aed  ADCSequenceUnderflowClear         
00002b03  ADCSequenceDataGet                
00002b45  ADCProcessorTrigger               
00002b69  ADCSoftwareOversampleConfigure    
00002ba1  ADCSoftwareOversampleStepConfigure
00002c61  ADCSoftwareOversampleDataGet      
00002ccf  ADCHardwareOversampleConfigure    
00002d01  ADCComparatorConfigure            
00002d1d  ADCComparatorRegionSet            
00002d41  ADCComparatorReset                
00002d87  ADCComparatorIntDisable           
00002da5  ADCComparatorIntEnable            
00002dc3  ADCComparatorIntStatus            
00002dd1  ADCComparatorIntClear             
00002de3  ADCIntDisableEx                   
00002dfb  ADCIntEnableEx                    
00002e19  ADCIntStatusEx                    
00002e4b  ADCIntClearEx                     
00002e63  ADCReferenceSet                   
00002e7f  ADCReferenceGet                   
00002e91  ADCPhaseDelaySet                  
00002ea3  ADCPhaseDelayGet                  
00002eb1  ADCSequenceDMAEnable              
00002ecd  ADCSequenceDMADisable             
00002ee9  ADCBusy                           
00002f07  main                              
00002f93  init_UART                         
00002fd7  tx_UART                           
0000300b  rx_UART                           
00003067  UART_response                     
000031af  gpio_start_interrupt              
0000320b  irInit                            
00003269  irPull                            
000032d9  moveInit                          
0000345f  gpioPort_aInt                     
000034bf  gpioPort_cInt                     
000034dd  gpioPort_dInt                     
00003519  bump_response                     
00003585  front_response                    
000035fd  moveForward_x                     
00003651  turn_right                        
000036ad  turn_left                         
000036f9  wheel_speed                       
00003715  moveForward                       
00003751  moveStop                          
00003775  moveBackwards                     
0000379d  left_wheel_moveBackwards          
000037ad  right_wheel_moveBackwards         
000037d1  left_wheel_moveForward            
000037e1  right_wheel_moveForward           
00003819  turn_bot                          
000038dd  atan                              
000038dd  atanl                             
00003bc9  atan2                             
00003bc9  atan2l                            
00003db5  __aeabi_dsub                      
00003dbf  __aeabi_dadd                      
00003f6b  __aeabi_ddiv                      
000040a1  __aeabi_dmul                      
0000419d  __aeabi_memcpy                    
0000419d  __aeabi_memcpy4                   
0000419d  __aeabi_memcpy8                   
0000419d  memcpy                            
00004239  __aeabi_cdcmpeq                   
00004239  __aeabi_cdcmple                   
000042bf  __aeabi_cdrcmple                  
00004345  __TI_decompress_lzss              
000043ad  __TI_auto_init_nobinit_nopinit    
000043f1  UARTConfigSetExpClk               
00004431  _c_int00_noargs                   
00004469  __aeabi_ui2d                      
00004489  UARTDisable                       
000044a5  SysTickEnable                     
000044b9  UARTEnable                        
000044cd  __TI_zero_init_nomemset           
000044e1  SysTickPeriodSet                  
000044f1  __TI_decompress_none              
000044ff  CPUcpsid                          
0000450b  CPUcpsie                          
00004519  SysTickValueGet                   
00004525  UARTCharsAvail                    
00004531  ResetISR                          
0000453d  CPUbasepriGet                     
00004547  UARTCharGet                       
00004551  UARTCharPut                       
0000455b  CPUbasepriSet                     
00004561  SysCtlDelay                       
00004567  CPUwfi                            
0000456b  _system_pre_init                  
0000456f  C$$EXIT                           
0000456f  abort                             
00004b10  __TI_Handler_Table_Base           
00004b1c  __TI_Handler_Table_Limit          
00004b30  __TI_CINIT_Base                   
00004b48  __TI_CINIT_Limit                  
20000000  g_pfnRAMVectors                   
20000270  __stack                           
20000470  __STACK_END                       
20000470  __STACK_TOP                       
20000470  left_wheel_edge_count             
20000478  right_wheel_edge_count            
20000480  toggle                            
20000484  bump_flag                         
20000488  timeA                             
2000048c  timeB                             
20000490  obst_flag                         
20000494  right                             
20000498  left                              
2000049c  front                             
ffffffff  __TI_pprof_out_hndl               
ffffffff  __TI_prof_data_size               
ffffffff  __TI_prof_data_start              
ffffffff  __binit__                         
ffffffff  __c_args__                        
ffffffff  binit                             
UNDEFED   __mpu_init                        
UNDEFED   _system_post_cinit                

[290 symbols]
