<?xml version="1.0" encoding="ISO-8859-1" ?>
<link_info>
   <banner>TI ARM Linker PC v18.1.1.LTS</banner>
   <copyright>Copyright (c) 1996-2017 Texas Instruments Incorporated</copyright>
   <link_time>0x5acdb5cc</link_time>
   <link_errors>0x0</link_errors>
   <output_file>lab6_tiva.out</output_file>
   <entry_point>
      <name>_c_int00_noargs</name>
      <address>0x4431</address>
   </entry_point>
   <input_file_list>
      <input_file id="fl-2">
         <path>.\</path>
         <kind>object</kind>
         <file>main.obj</file>
         <name>main.obj</name>
      </input_file>
      <input_file id="fl-3">
         <path>.\</path>
         <kind>object</kind>
         <file>tm4c123gh6pm_startup_ccs.obj</file>
         <name>tm4c123gh6pm_startup_ccs.obj</name>
      </input_file>
      <input_file id="fl-8">
         <kind>object</kind>
         <file>&lt;internal&gt;</file>
         <name>&lt;internal&gt;</name>
      </input_file>
      <input_file id="fl-be">
         <path>C:\ti\ccsv8\tools\compiler\ti-cgt-arm_18.1.1.LTS\lib\</path>
         <kind>archive</kind>
         <file>rtsv7M4_T_le_v4SPD16_eabi.lib</file>
         <name>e_atan2.c.obj</name>
      </input_file>
      <input_file id="fl-bf">
         <path>C:\ti\ccsv8\tools\compiler\ti-cgt-arm_18.1.1.LTS\lib\</path>
         <kind>archive</kind>
         <file>rtsv7M4_T_le_v4SPD16_eabi.lib</file>
         <name>s_atan.c.obj</name>
      </input_file>
      <input_file id="fl-c0">
         <path>C:\ti\ccsv8\tools\compiler\ti-cgt-arm_18.1.1.LTS\lib\</path>
         <kind>archive</kind>
         <file>rtsv7M4_T_le_v4SPD16_eabi.lib</file>
         <name>fd_add_t2.asm.obj</name>
      </input_file>
      <input_file id="fl-c1">
         <path>C:\ti\ccsv8\tools\compiler\ti-cgt-arm_18.1.1.LTS\lib\</path>
         <kind>archive</kind>
         <file>rtsv7M4_T_le_v4SPD16_eabi.lib</file>
         <name>fd_cmp_t2.asm.obj</name>
      </input_file>
      <input_file id="fl-c2">
         <path>C:\ti\ccsv8\tools\compiler\ti-cgt-arm_18.1.1.LTS\lib\</path>
         <kind>archive</kind>
         <file>rtsv7M4_T_le_v4SPD16_eabi.lib</file>
         <name>fd_div_t2.asm.obj</name>
      </input_file>
      <input_file id="fl-c3">
         <path>C:\ti\ccsv8\tools\compiler\ti-cgt-arm_18.1.1.LTS\lib\</path>
         <kind>archive</kind>
         <file>rtsv7M4_T_le_v4SPD16_eabi.lib</file>
         <name>fd_mul_t2.asm.obj</name>
      </input_file>
      <input_file id="fl-c4">
         <path>C:\ti\ccsv8\tools\compiler\ti-cgt-arm_18.1.1.LTS\lib\</path>
         <kind>archive</kind>
         <file>rtsv7M4_T_le_v4SPD16_eabi.lib</file>
         <name>u_tofd_t2.asm.obj</name>
      </input_file>
      <input_file id="fl-c5">
         <path>C:\ti\ccsv8\tools\compiler\ti-cgt-arm_18.1.1.LTS\lib\</path>
         <kind>archive</kind>
         <file>rtsv7M4_T_le_v4SPD16_eabi.lib</file>
         <name>copy_zero_init.c.obj</name>
      </input_file>
      <input_file id="fl-c6">
         <path>C:\ti\ccsv8\tools\compiler\ti-cgt-arm_18.1.1.LTS\lib\</path>
         <kind>archive</kind>
         <file>rtsv7M4_T_le_v4SPD16_eabi.lib</file>
         <name>copy_decompress_none.c.obj</name>
      </input_file>
      <input_file id="fl-c7">
         <path>C:\ti\ccsv8\tools\compiler\ti-cgt-arm_18.1.1.LTS\lib\</path>
         <kind>archive</kind>
         <file>rtsv7M4_T_le_v4SPD16_eabi.lib</file>
         <name>copy_decompress_lzss.c.obj</name>
      </input_file>
      <input_file id="fl-c8">
         <path>C:\ti\ccsv8\tools\compiler\ti-cgt-arm_18.1.1.LTS\lib\</path>
         <kind>archive</kind>
         <file>rtsv7M4_T_le_v4SPD16_eabi.lib</file>
         <name>boot_cortex_m.c.obj</name>
      </input_file>
      <input_file id="fl-c9">
         <path>C:\ti\ccsv8\tools\compiler\ti-cgt-arm_18.1.1.LTS\lib\</path>
         <kind>archive</kind>
         <file>rtsv7M4_T_le_v4SPD16_eabi.lib</file>
         <name>exit.c.obj</name>
      </input_file>
      <input_file id="fl-ca">
         <path>C:\ti\ccsv8\tools\compiler\ti-cgt-arm_18.1.1.LTS\lib\</path>
         <kind>archive</kind>
         <file>rtsv7M4_T_le_v4SPD16_eabi.lib</file>
         <name>_lock.c.obj</name>
      </input_file>
      <input_file id="fl-cb">
         <path>C:\ti\ccsv8\tools\compiler\ti-cgt-arm_18.1.1.LTS\lib\</path>
         <kind>archive</kind>
         <file>rtsv7M4_T_le_v4SPD16_eabi.lib</file>
         <name>args_main.c.obj</name>
      </input_file>
      <input_file id="fl-cc">
         <path>C:\ti\ccsv8\tools\compiler\ti-cgt-arm_18.1.1.LTS\lib\</path>
         <kind>archive</kind>
         <file>rtsv7M4_T_le_v4SPD16_eabi.lib</file>
         <name>memcpy_t2.asm.obj</name>
      </input_file>
      <input_file id="fl-cd">
         <path>C:\ti\ccsv8\tools\compiler\ti-cgt-arm_18.1.1.LTS\lib\</path>
         <kind>archive</kind>
         <file>rtsv7M4_T_le_v4SPD16_eabi.lib</file>
         <name>memset_t2.asm.obj</name>
      </input_file>
      <input_file id="fl-ce">
         <path>C:\ti\ccsv8\tools\compiler\ti-cgt-arm_18.1.1.LTS\lib\</path>
         <kind>archive</kind>
         <file>rtsv7M4_T_le_v4SPD16_eabi.lib</file>
         <name>autoinit.c.obj</name>
      </input_file>
      <input_file id="fl-cf">
         <path>C:\ti\ccsv8\tools\compiler\ti-cgt-arm_18.1.1.LTS\lib\</path>
         <kind>archive</kind>
         <file>rtsv7M4_T_le_v4SPD16_eabi.lib</file>
         <name>pre_init.c.obj</name>
      </input_file>
      <input_file id="fl-d0">
         <path>C:\ti\ccsv8\tools\compiler\ti-cgt-arm_18.1.1.LTS\lib\</path>
         <kind>archive</kind>
         <file>rtsv7M4_T_le_v4SPD16_eabi.lib</file>
         <name>cpy_tbl.c.obj</name>
      </input_file>
      <input_file id="fl-d1">
         <path>C:\TivaWare\driverlib\ccs\Debug\</path>
         <kind>archive</kind>
         <file>driverlib.lib</file>
         <name>uart.obj</name>
      </input_file>
      <input_file id="fl-d2">
         <path>C:\TivaWare\driverlib\ccs\Debug\</path>
         <kind>archive</kind>
         <file>driverlib.lib</file>
         <name>systick.obj</name>
      </input_file>
      <input_file id="fl-d3">
         <path>C:\TivaWare\driverlib\ccs\Debug\</path>
         <kind>archive</kind>
         <file>driverlib.lib</file>
         <name>cpu.obj</name>
      </input_file>
   </input_file_list>
   <object_component_list>
      <object_component id="oc-f">
         <name>.intvecs</name>
         <load_address>0x0</load_address>
         <run_address>0x0</run_address>
         <size>0x26c</size>
         <input_file_ref idref="fl-3"/>
      </object_component>
      <object_component id="oc-98">
         <name>.text</name>
         <load_address>0x26c</load_address>
         <run_address>0x26c</run_address>
         <size>0x3670</size>
         <input_file_ref idref="fl-2"/>
      </object_component>
      <object_component id="oc-1f0">
         <name>.text:atan</name>
         <load_address>0x38dc</load_address>
         <run_address>0x38dc</run_address>
         <size>0x2ec</size>
         <input_file_ref idref="fl-bf"/>
      </object_component>
      <object_component id="oc-158">
         <name>.text:atan2</name>
         <load_address>0x3bc8</load_address>
         <run_address>0x3bc8</run_address>
         <size>0x1ec</size>
         <input_file_ref idref="fl-be"/>
      </object_component>
      <object_component id="oc-149">
         <name>.text</name>
         <load_address>0x3db4</load_address>
         <run_address>0x3db4</run_address>
         <size>0x1b6</size>
         <input_file_ref idref="fl-c0"/>
      </object_component>
      <object_component id="oc-15e">
         <name>.text</name>
         <load_address>0x3f6a</load_address>
         <run_address>0x3f6a</run_address>
         <size>0x136</size>
         <input_file_ref idref="fl-c2"/>
      </object_component>
      <object_component id="oc-14e">
         <name>.text</name>
         <load_address>0x40a0</load_address>
         <run_address>0x40a0</run_address>
         <size>0xfc</size>
         <input_file_ref idref="fl-c3"/>
      </object_component>
      <object_component id="oc-38">
         <name>.text</name>
         <load_address>0x419c</load_address>
         <run_address>0x419c</run_address>
         <size>0x9c</size>
         <input_file_ref idref="fl-cc"/>
      </object_component>
      <object_component id="oc-153">
         <name>.text:__aeabi_cdcmple</name>
         <load_address>0x4238</load_address>
         <run_address>0x4238</run_address>
         <size>0x86</size>
         <input_file_ref idref="fl-c1"/>
      </object_component>
      <object_component id="oc-223">
         <name>.text:__aeabi_cdrcmple</name>
         <load_address>0x42be</load_address>
         <run_address>0x42be</run_address>
         <size>0x86</size>
         <input_file_ref idref="fl-c1"/>
      </object_component>
      <object_component id="oc-12">
         <name>.text:decompress:lzss:__TI_decompress_lzss</name>
         <load_address>0x4344</load_address>
         <run_address>0x4344</run_address>
         <size>0x68</size>
         <input_file_ref idref="fl-c7"/>
      </object_component>
      <object_component id="oc-175">
         <name>.text:__TI_auto_init_nobinit_nopinit:__TI_auto_init_nobinit_nopinit</name>
         <load_address>0x43ac</load_address>
         <run_address>0x43ac</run_address>
         <size>0x44</size>
         <input_file_ref idref="fl-ce"/>
      </object_component>
      <object_component id="oc-11d">
         <name>.text:UARTConfigSetExpClk</name>
         <load_address>0x43f0</load_address>
         <run_address>0x43f0</run_address>
         <size>0x40</size>
         <input_file_ref idref="fl-d1"/>
      </object_component>
      <object_component id="oc-56">
         <name>.text:_c_int00_noargs:_c_int00_noargs</name>
         <load_address>0x4430</load_address>
         <run_address>0x4430</run_address>
         <size>0x38</size>
         <input_file_ref idref="fl-c8"/>
      </object_component>
      <object_component id="oc-13b">
         <name>.text</name>
         <load_address>0x4468</load_address>
         <run_address>0x4468</run_address>
         <size>0x20</size>
         <input_file_ref idref="fl-c4"/>
      </object_component>
      <object_component id="oc-1d8">
         <name>.text:UARTDisable</name>
         <load_address>0x4488</load_address>
         <run_address>0x4488</run_address>
         <size>0x1c</size>
         <input_file_ref idref="fl-d1"/>
      </object_component>
      <object_component id="oc-117">
         <name>.text:SysTickEnable</name>
         <load_address>0x44a4</load_address>
         <run_address>0x44a4</run_address>
         <size>0x14</size>
         <input_file_ref idref="fl-d2"/>
      </object_component>
      <object_component id="oc-123">
         <name>.text:UARTEnable</name>
         <load_address>0x44b8</load_address>
         <run_address>0x44b8</run_address>
         <size>0x14</size>
         <input_file_ref idref="fl-d1"/>
      </object_component>
      <object_component id="oc-44">
         <name>.text:decompress:ZI:__TI_zero_init_nomemset:__TI_zero_init_nomemset</name>
         <load_address>0x44cc</load_address>
         <run_address>0x44cc</run_address>
         <size>0x12</size>
         <input_file_ref idref="fl-c5"/>
      </object_component>
      <object_component id="oc-111">
         <name>.text:SysTickPeriodSet</name>
         <load_address>0x44e0</load_address>
         <run_address>0x44e0</run_address>
         <size>0x10</size>
         <input_file_ref idref="fl-d2"/>
      </object_component>
      <object_component id="oc-18">
         <name>.text:decompress:none:__TI_decompress_none</name>
         <load_address>0x44f0</load_address>
         <run_address>0x44f0</run_address>
         <size>0xe</size>
         <input_file_ref idref="fl-c6"/>
      </object_component>
      <object_component id="oc-e7">
         <name>.text:CPUcpsid</name>
         <load_address>0x44fe</load_address>
         <run_address>0x44fe</run_address>
         <size>0xc</size>
         <input_file_ref idref="fl-d3"/>
      </object_component>
      <object_component id="oc-e1">
         <name>.text:CPUcpsie</name>
         <load_address>0x450a</load_address>
         <run_address>0x450a</run_address>
         <size>0xc</size>
         <input_file_ref idref="fl-d3"/>
      </object_component>
      <object_component id="oc-143">
         <name>.text:SysTickValueGet</name>
         <load_address>0x4518</load_address>
         <run_address>0x4518</run_address>
         <size>0xc</size>
         <input_file_ref idref="fl-d2"/>
      </object_component>
      <object_component id="oc-135">
         <name>.text:UARTCharsAvail</name>
         <load_address>0x4524</load_address>
         <run_address>0x4524</run_address>
         <size>0xc</size>
         <input_file_ref idref="fl-d1"/>
      </object_component>
      <object_component id="oc-24">
         <name>.text</name>
         <load_address>0x4530</load_address>
         <run_address>0x4530</run_address>
         <size>0xc</size>
         <input_file_ref idref="fl-3"/>
      </object_component>
      <object_component id="oc-f9">
         <name>.text:CPUbasepriGet</name>
         <load_address>0x453c</load_address>
         <run_address>0x453c</run_address>
         <size>0xa</size>
         <input_file_ref idref="fl-d3"/>
      </object_component>
      <object_component id="oc-12f">
         <name>.text:UARTCharGet</name>
         <load_address>0x4546</load_address>
         <run_address>0x4546</run_address>
         <size>0xa</size>
         <input_file_ref idref="fl-d1"/>
      </object_component>
      <object_component id="oc-129">
         <name>.text:UARTCharPut</name>
         <load_address>0x4550</load_address>
         <run_address>0x4550</run_address>
         <size>0xa</size>
         <input_file_ref idref="fl-d1"/>
      </object_component>
      <object_component id="oc-f3">
         <name>.text:CPUbasepriSet</name>
         <load_address>0x455a</load_address>
         <run_address>0x455a</run_address>
         <size>0x6</size>
         <input_file_ref idref="fl-d3"/>
      </object_component>
      <object_component id="oc-e0">
         <name>.text:SysCtlDelay</name>
         <load_address>0x4560</load_address>
         <run_address>0x4560</run_address>
         <size>0x6</size>
         <input_file_ref idref="fl-2"/>
      </object_component>
      <object_component id="oc-d1">
         <name>.text:CPUwfi</name>
         <load_address>0x4566</load_address>
         <run_address>0x4566</run_address>
         <size>0x4</size>
         <input_file_ref idref="fl-d3"/>
      </object_component>
      <object_component id="oc-92">
         <name>.text:_system_pre_init</name>
         <load_address>0x456a</load_address>
         <run_address>0x456a</run_address>
         <size>0x4</size>
         <input_file_ref idref="fl-cf"/>
      </object_component>
      <object_component id="oc-169">
         <name>.text:abort:abort</name>
         <load_address>0x456e</load_address>
         <run_address>0x456e</run_address>
         <size>0x4</size>
         <input_file_ref idref="fl-c9"/>
      </object_component>
      <object_component id="oc-da">
         <name>.const:g_pppui32XTALtoVCO</name>
         <load_address>0x4578</load_address>
         <run_address>0x4578</run_address>
         <size>0x120</size>
         <input_file_ref idref="fl-2"/>
      </object_component>
      <object_component id="oc-c5">
         <name>.const:g_ppui32GPIOIntMapBlizzard</name>
         <load_address>0x4698</load_address>
         <run_address>0x4698</run_address>
         <size>0xc0</size>
         <input_file_ref idref="fl-2"/>
      </object_component>
      <object_component id="oc-c8">
         <name>.const:g_ppui32GPIOIntMapSnowflake</name>
         <load_address>0x4758</load_address>
         <run_address>0x4758</run_address>
         <size>0xc0</size>
         <input_file_ref idref="fl-2"/>
      </object_component>
      <object_component id="oc-ff">
         <name>.const:g_pui32Regs</name>
         <load_address>0x4818</load_address>
         <run_address>0x4818</run_address>
         <size>0x9c</size>
         <input_file_ref idref="fl-2"/>
      </object_component>
      <object_component id="oc-228">
         <name>.const:$O1$$</name>
         <load_address>0x48b8</load_address>
         <run_address>0x48b8</run_address>
         <size>0x98</size>
         <input_file_ref idref="fl-bf"/>
      </object_component>
      <object_component id="oc-cb">
         <name>.const:g_pui32GPIOBaseAddrs</name>
         <load_address>0x4950</load_address>
         <run_address>0x4950</run_address>
         <size>0x90</size>
         <input_file_ref idref="fl-2"/>
      </object_component>
      <object_component id="oc-d7">
         <name>.const:g_pui32Xtals</name>
         <load_address>0x49e0</load_address>
         <run_address>0x49e0</run_address>
         <size>0x6c</size>
         <input_file_ref idref="fl-2"/>
      </object_component>
      <object_component id="oc-ce">
         <name>.const:g_sXTALtoMEMTIM</name>
         <load_address>0x4a4c</load_address>
         <run_address>0x4a4c</run_address>
         <size>0x38</size>
         <input_file_ref idref="fl-2"/>
      </object_component>
      <object_component id="oc-f0">
         <name>.const:g_pui32Priority</name>
         <load_address>0x4a84</load_address>
         <run_address>0x4a84</run_address>
         <size>0x20</size>
         <input_file_ref idref="fl-2"/>
      </object_component>
      <object_component id="oc-105">
         <name>.const:g_pui32Dii16Regs</name>
         <load_address>0x4aa4</load_address>
         <run_address>0x4aa4</run_address>
         <size>0x14</size>
         <input_file_ref idref="fl-2"/>
      </object_component>
      <object_component id="oc-102">
         <name>.const:g_pui32EnRegs</name>
         <load_address>0x4ab8</load_address>
         <run_address>0x4ab8</run_address>
         <size>0x14</size>
         <input_file_ref idref="fl-2"/>
      </object_component>
      <object_component id="oc-108">
         <name>.const:g_pui32PendRegs</name>
         <load_address>0x4acc</load_address>
         <run_address>0x4acc</run_address>
         <size>0x14</size>
         <input_file_ref idref="fl-2"/>
      </object_component>
      <object_component id="oc-10b">
         <name>.const:g_pui32UnpendRegs</name>
         <load_address>0x4ae0</load_address>
         <run_address>0x4ae0</run_address>
         <size>0x14</size>
         <input_file_ref idref="fl-2"/>
      </object_component>
      <object_component id="oc-dd">
         <name>.const:g_pui32VCOFrequencies</name>
         <load_address>0x4af4</load_address>
         <run_address>0x4af4</run_address>
         <size>0x8</size>
         <input_file_ref idref="fl-2"/>
      </object_component>
      <object_component id="oc-294">
         <name>.cinit..data.load</name>
         <load_address>0x4b00</load_address>
         <run_address>0x4b00</run_address>
         <size>0xe</size>
      </object_component>
      <object_component id="oc-291">
         <name>__TI_handler_table</name>
         <load_address>0x4b10</load_address>
         <run_address>0x4b10</run_address>
         <size>0xc</size>
      </object_component>
      <object_component id="oc-295">
         <name>.cinit..bss.load</name>
         <load_address>0x4b20</load_address>
         <run_address>0x4b20</run_address>
         <size>0x8</size>
      </object_component>
      <object_component id="oc-293">
         <name>.cinit..vtable.load</name>
         <load_address>0x4b28</load_address>
         <run_address>0x4b28</run_address>
         <size>0x8</size>
      </object_component>
      <object_component id="oc-292">
         <name>__TI_cinit_table</name>
         <load_address>0x4b30</load_address>
         <run_address>0x4b30</run_address>
         <size>0x18</size>
      </object_component>
      <object_component id="oc-ed">
         <name>.vtable</name>
         <uninitialized>true</uninitialized>
         <run_address>0x20000000</run_address>
         <size>0x26c</size>
         <input_file_ref idref="fl-2"/>
      </object_component>
      <object_component id="oc-140">
         <name>.data</name>
         <load_address>0x20000470</load_address>
         <run_address>0x20000470</run_address>
         <size>0x30</size>
         <input_file_ref idref="fl-2"/>
      </object_component>
      <object_component id="oc-10e">
         <name>.bss:g_pui8OversampleFactor</name>
         <uninitialized>true</uninitialized>
         <run_address>0x2000026c</run_address>
         <size>0x4</size>
         <input_file_ref idref="fl-2"/>
      </object_component>
      <object_component id="oc-21">
         <name>.stack</name>
         <uninitialized>true</uninitialized>
         <run_address>0x20000270</run_address>
         <size>0x4</size>
         <input_file_ref idref="fl-c8"/>
      </object_component>
      <object_component id="oc-296">
         <name>.stack</name>
         <uninitialized>true</uninitialized>
         <run_address>0x20000270</run_address>
         <size>0x0</size>
      </object_component>
      <object_component id="oc-b4">
         <name>.debug_info</name>
         <load_address>0x0</load_address>
         <run_address>0x0</run_address>
         <size>0x5d3</size>
         <input_file_ref idref="fl-2"/>
      </object_component>
      <object_component id="oc-c6">
         <name>.debug_info</name>
         <load_address>0x5d3</load_address>
         <run_address>0x5d3</run_address>
         <size>0x10c</size>
         <input_file_ref idref="fl-2"/>
      </object_component>
      <object_component id="oc-c9">
         <name>.debug_info</name>
         <load_address>0x6df</load_address>
         <run_address>0x6df</run_address>
         <size>0x10e</size>
         <input_file_ref idref="fl-2"/>
      </object_component>
      <object_component id="oc-cc">
         <name>.debug_info</name>
         <load_address>0x7ed</load_address>
         <run_address>0x7ed</run_address>
         <size>0x100</size>
         <input_file_ref idref="fl-2"/>
      </object_component>
      <object_component id="oc-d8">
         <name>.debug_info</name>
         <load_address>0x8ed</load_address>
         <run_address>0x8ed</run_address>
         <size>0xf0</size>
         <input_file_ref idref="fl-2"/>
      </object_component>
      <object_component id="oc-db">
         <name>.debug_info</name>
         <load_address>0x9dd</load_address>
         <run_address>0x9dd</run_address>
         <size>0xfc</size>
         <input_file_ref idref="fl-2"/>
      </object_component>
      <object_component id="oc-cf">
         <name>.debug_info</name>
         <load_address>0xad9</load_address>
         <run_address>0xad9</run_address>
         <size>0xf6</size>
         <input_file_ref idref="fl-2"/>
      </object_component>
      <object_component id="oc-de">
         <name>.debug_info</name>
         <load_address>0xbcf</load_address>
         <run_address>0xbcf</run_address>
         <size>0x103</size>
         <input_file_ref idref="fl-2"/>
      </object_component>
      <object_component id="oc-f1">
         <name>.debug_info</name>
         <load_address>0xcd2</load_address>
         <run_address>0xcd2</run_address>
         <size>0xf6</size>
         <input_file_ref idref="fl-2"/>
      </object_component>
      <object_component id="oc-100">
         <name>.debug_info</name>
         <load_address>0xdc8</load_address>
         <run_address>0xdc8</run_address>
         <size>0xee</size>
         <input_file_ref idref="fl-2"/>
      </object_component>
      <object_component id="oc-103">
         <name>.debug_info</name>
         <load_address>0xeb6</load_address>
         <run_address>0xeb6</run_address>
         <size>0xf2</size>
         <input_file_ref idref="fl-2"/>
      </object_component>
      <object_component id="oc-106">
         <name>.debug_info</name>
         <load_address>0xfa8</load_address>
         <run_address>0xfa8</run_address>
         <size>0xf8</size>
         <input_file_ref idref="fl-2"/>
      </object_component>
      <object_component id="oc-109">
         <name>.debug_info</name>
         <load_address>0x10a0</load_address>
         <run_address>0x10a0</run_address>
         <size>0xf6</size>
         <input_file_ref idref="fl-2"/>
      </object_component>
      <object_component id="oc-10c">
         <name>.debug_info</name>
         <load_address>0x1196</load_address>
         <run_address>0x1196</run_address>
         <size>0xfa</size>
         <input_file_ref idref="fl-2"/>
      </object_component>
      <object_component id="oc-ee">
         <name>.debug_info</name>
         <load_address>0x1290</load_address>
         <run_address>0x1290</run_address>
         <size>0xf7</size>
         <input_file_ref idref="fl-2"/>
      </object_component>
      <object_component id="oc-10f">
         <name>.debug_info</name>
         <load_address>0x1387</load_address>
         <run_address>0x1387</run_address>
         <size>0x104</size>
         <input_file_ref idref="fl-2"/>
      </object_component>
      <object_component id="oc-141">
         <name>.debug_info</name>
         <load_address>0x148b</load_address>
         <run_address>0x148b</run_address>
         <size>0x228</size>
         <input_file_ref idref="fl-2"/>
      </object_component>
      <object_component id="oc-99">
         <name>.debug_info</name>
         <load_address>0x16b3</load_address>
         <run_address>0x16b3</run_address>
         <size>0xd8b5</size>
         <input_file_ref idref="fl-2"/>
      </object_component>
      <object_component id="oc-1a9">
         <name>.debug_info</name>
         <load_address>0xef68</load_address>
         <run_address>0xef68</run_address>
         <size>0x51</size>
         <input_file_ref idref="fl-2"/>
      </object_component>
      <object_component id="oc-6d">
         <name>.debug_info</name>
         <load_address>0xefb9</load_address>
         <run_address>0xefb9</run_address>
         <size>0x26b</size>
         <input_file_ref idref="fl-2"/>
      </object_component>
      <object_component id="oc-af">
         <name>.debug_info</name>
         <load_address>0xf224</load_address>
         <run_address>0xf224</run_address>
         <size>0x8b</size>
         <input_file_ref idref="fl-2"/>
      </object_component>
      <object_component id="oc-aa">
         <name>.debug_info</name>
         <load_address>0xf2af</load_address>
         <run_address>0xf2af</run_address>
         <size>0x297</size>
         <input_file_ref idref="fl-2"/>
      </object_component>
      <object_component id="oc-164">
         <name>.debug_info</name>
         <load_address>0xf546</load_address>
         <run_address>0xf546</run_address>
         <size>0xef</size>
         <input_file_ref idref="fl-2"/>
      </object_component>
      <object_component id="oc-72">
         <name>.debug_info</name>
         <load_address>0xf635</load_address>
         <run_address>0xf635</run_address>
         <size>0xbb</size>
         <input_file_ref idref="fl-2"/>
      </object_component>
      <object_component id="oc-2c">
         <name>.debug_info</name>
         <load_address>0xf6f0</load_address>
         <run_address>0xf6f0</run_address>
         <size>0x2c6</size>
         <input_file_ref idref="fl-3"/>
      </object_component>
      <object_component id="oc-10">
         <name>.debug_info</name>
         <load_address>0xf9b6</load_address>
         <run_address>0xf9b6</run_address>
         <size>0x105</size>
         <input_file_ref idref="fl-3"/>
      </object_component>
      <object_component id="oc-25">
         <name>.debug_info</name>
         <load_address>0xfabb</load_address>
         <run_address>0xfabb</run_address>
         <size>0x281</size>
         <input_file_ref idref="fl-3"/>
      </object_component>
      <object_component id="oc-33">
         <name>.debug_info</name>
         <load_address>0xfd3c</load_address>
         <run_address>0xfd3c</run_address>
         <size>0x84</size>
         <input_file_ref idref="fl-3"/>
      </object_component>
      <object_component id="oc-1f7">
         <name>.debug_info</name>
         <load_address>0xfdc0</load_address>
         <run_address>0xfdc0</run_address>
         <size>0x2a3</size>
         <input_file_ref idref="fl-be"/>
      </object_component>
      <object_component id="oc-159">
         <name>.debug_info</name>
         <load_address>0x10063</load_address>
         <run_address>0x10063</run_address>
         <size>0x23c</size>
         <input_file_ref idref="fl-be"/>
      </object_component>
      <object_component id="oc-22e">
         <name>.debug_info</name>
         <load_address>0x1029f</load_address>
         <run_address>0x1029f</run_address>
         <size>0x46</size>
         <input_file_ref idref="fl-be"/>
      </object_component>
      <object_component id="oc-1f8">
         <name>.debug_info</name>
         <load_address>0x102e5</load_address>
         <run_address>0x102e5</run_address>
         <size>0x39</size>
         <input_file_ref idref="fl-be"/>
      </object_component>
      <object_component id="oc-257">
         <name>.debug_info</name>
         <load_address>0x1031e</load_address>
         <run_address>0x1031e</run_address>
         <size>0x2ec</size>
         <input_file_ref idref="fl-bf"/>
      </object_component>
      <object_component id="oc-229">
         <name>.debug_info</name>
         <load_address>0x1060a</load_address>
         <run_address>0x1060a</run_address>
         <size>0x126</size>
         <input_file_ref idref="fl-bf"/>
      </object_component>
      <object_component id="oc-1f3">
         <name>.debug_info</name>
         <load_address>0x10730</load_address>
         <run_address>0x10730</run_address>
         <size>0x4a1</size>
         <input_file_ref idref="fl-bf"/>
      </object_component>
      <object_component id="oc-14b">
         <name>.debug_info</name>
         <load_address>0x10bd1</load_address>
         <run_address>0x10bd1</run_address>
         <size>0x144</size>
         <input_file_ref idref="fl-c0"/>
      </object_component>
      <object_component id="oc-155">
         <name>.debug_info</name>
         <load_address>0x10d15</load_address>
         <run_address>0x10d15</run_address>
         <size>0x120</size>
         <input_file_ref idref="fl-c1"/>
      </object_component>
      <object_component id="oc-225">
         <name>.debug_info</name>
         <load_address>0x10e35</load_address>
         <run_address>0x10e35</run_address>
         <size>0x122</size>
         <input_file_ref idref="fl-c1"/>
      </object_component>
      <object_component id="oc-15f">
         <name>.debug_info</name>
         <load_address>0x10f57</load_address>
         <run_address>0x10f57</run_address>
         <size>0x132</size>
         <input_file_ref idref="fl-c2"/>
      </object_component>
      <object_component id="oc-14f">
         <name>.debug_info</name>
         <load_address>0x11089</load_address>
         <run_address>0x11089</run_address>
         <size>0x132</size>
         <input_file_ref idref="fl-c3"/>
      </object_component>
      <object_component id="oc-13c">
         <name>.debug_info</name>
         <load_address>0x111bb</load_address>
         <run_address>0x111bb</run_address>
         <size>0x126</size>
         <input_file_ref idref="fl-c4"/>
      </object_component>
      <object_component id="oc-8b">
         <name>.debug_info</name>
         <load_address>0x112e1</load_address>
         <run_address>0x112e1</run_address>
         <size>0x313</size>
         <input_file_ref idref="fl-c5"/>
      </object_component>
      <object_component id="oc-45">
         <name>.debug_info</name>
         <load_address>0x115f4</load_address>
         <run_address>0x115f4</run_address>
         <size>0x1b4</size>
         <input_file_ref idref="fl-c5"/>
      </object_component>
      <object_component id="oc-86">
         <name>.debug_info</name>
         <load_address>0x117a8</load_address>
         <run_address>0x117a8</run_address>
         <size>0x46</size>
         <input_file_ref idref="fl-c5"/>
      </object_component>
      <object_component id="oc-bc">
         <name>.debug_info</name>
         <load_address>0x117ee</load_address>
         <run_address>0x117ee</run_address>
         <size>0x2c</size>
         <input_file_ref idref="fl-c5"/>
      </object_component>
      <object_component id="oc-43">
         <name>.debug_info</name>
         <load_address>0x1181a</load_address>
         <run_address>0x1181a</run_address>
         <size>0x29d</size>
         <input_file_ref idref="fl-c6"/>
      </object_component>
      <object_component id="oc-1a">
         <name>.debug_info</name>
         <load_address>0x11ab7</load_address>
         <run_address>0x11ab7</run_address>
         <size>0x1df</size>
         <input_file_ref idref="fl-c6"/>
      </object_component>
      <object_component id="oc-3e">
         <name>.debug_info</name>
         <load_address>0x11c96</load_address>
         <run_address>0x11c96</run_address>
         <size>0x46</size>
         <input_file_ref idref="fl-c6"/>
      </object_component>
      <object_component id="oc-7e">
         <name>.debug_info</name>
         <load_address>0x11cdc</load_address>
         <run_address>0x11cdc</run_address>
         <size>0x2c</size>
         <input_file_ref idref="fl-c6"/>
      </object_component>
      <object_component id="oc-7c">
         <name>.debug_info</name>
         <load_address>0x11d08</load_address>
         <run_address>0x11d08</run_address>
         <size>0x293</size>
         <input_file_ref idref="fl-c7"/>
      </object_component>
      <object_component id="oc-15">
         <name>.debug_info</name>
         <load_address>0x11f9b</load_address>
         <run_address>0x11f9b</run_address>
         <size>0x245</size>
         <input_file_ref idref="fl-c7"/>
      </object_component>
      <object_component id="oc-2e">
         <name>.debug_info</name>
         <load_address>0x121e0</load_address>
         <run_address>0x121e0</run_address>
         <size>0x60</size>
         <input_file_ref idref="fl-c7"/>
      </object_component>
      <object_component id="oc-b5">
         <name>.debug_info</name>
         <load_address>0x12240</load_address>
         <run_address>0x12240</run_address>
         <size>0x46</size>
         <input_file_ref idref="fl-c7"/>
      </object_component>
      <object_component id="oc-77">
         <name>.debug_info</name>
         <load_address>0x12286</load_address>
         <run_address>0x12286</run_address>
         <size>0x39</size>
         <input_file_ref idref="fl-c7"/>
      </object_component>
      <object_component id="oc-22">
         <name>.debug_info</name>
         <load_address>0x122bf</load_address>
         <run_address>0x122bf</run_address>
         <size>0x100</size>
         <input_file_ref idref="fl-c8"/>
      </object_component>
      <object_component id="oc-58">
         <name>.debug_info</name>
         <load_address>0x123bf</load_address>
         <run_address>0x123bf</run_address>
         <size>0x1a4</size>
         <input_file_ref idref="fl-c8"/>
      </object_component>
      <object_component id="oc-16d">
         <name>.debug_info</name>
         <load_address>0x12563</load_address>
         <run_address>0x12563</run_address>
         <size>0x117</size>
         <input_file_ref idref="fl-c9"/>
      </object_component>
      <object_component id="oc-39">
         <name>.debug_info</name>
         <load_address>0x1267a</load_address>
         <run_address>0x1267a</run_address>
         <size>0x111</size>
         <input_file_ref idref="fl-cc"/>
      </object_component>
      <object_component id="oc-209">
         <name>.debug_info</name>
         <load_address>0x1278b</load_address>
         <run_address>0x1278b</run_address>
         <size>0x547</size>
         <input_file_ref idref="fl-ce"/>
      </object_component>
      <object_component id="oc-176">
         <name>.debug_info</name>
         <load_address>0x12cd2</load_address>
         <run_address>0x12cd2</run_address>
         <size>0x19b</size>
         <input_file_ref idref="fl-ce"/>
      </object_component>
      <object_component id="oc-243">
         <name>.debug_info</name>
         <load_address>0x12e6d</load_address>
         <run_address>0x12e6d</run_address>
         <size>0x39</size>
         <input_file_ref idref="fl-ce"/>
      </object_component>
      <object_component id="oc-25c">
         <name>.debug_info</name>
         <load_address>0x12ea6</load_address>
         <run_address>0x12ea6</run_address>
         <size>0x39</size>
         <input_file_ref idref="fl-ce"/>
      </object_component>
      <object_component id="oc-248">
         <name>.debug_info</name>
         <load_address>0x12edf</load_address>
         <run_address>0x12edf</run_address>
         <size>0x39</size>
         <input_file_ref idref="fl-ce"/>
      </object_component>
      <object_component id="oc-24d">
         <name>.debug_info</name>
         <load_address>0x12f18</load_address>
         <run_address>0x12f18</run_address>
         <size>0xcd</size>
         <input_file_ref idref="fl-ce"/>
      </object_component>
      <object_component id="oc-95">
         <name>.debug_info</name>
         <load_address>0x12fe5</load_address>
         <run_address>0x12fe5</run_address>
         <size>0x148</size>
         <input_file_ref idref="fl-cf"/>
      </object_component>
      <object_component id="oc-1df">
         <name>.debug_info</name>
         <load_address>0x1312d</load_address>
         <run_address>0x1312d</run_address>
         <size>0x1ce</size>
         <input_file_ref idref="fl-d1"/>
      </object_component>
      <object_component id="oc-124">
         <name>.debug_info</name>
         <load_address>0x132fb</load_address>
         <run_address>0x132fb</run_address>
         <size>0x1ab</size>
         <input_file_ref idref="fl-d1"/>
      </object_component>
      <object_component id="oc-1d9">
         <name>.debug_info</name>
         <load_address>0x134a6</load_address>
         <run_address>0x134a6</run_address>
         <size>0x233</size>
         <input_file_ref idref="fl-d1"/>
      </object_component>
      <object_component id="oc-11e">
         <name>.debug_info</name>
         <load_address>0x136d9</load_address>
         <run_address>0x136d9</run_address>
         <size>0x28a</size>
         <input_file_ref idref="fl-d1"/>
      </object_component>
      <object_component id="oc-136">
         <name>.debug_info</name>
         <load_address>0x13963</load_address>
         <run_address>0x13963</run_address>
         <size>0x1b7</size>
         <input_file_ref idref="fl-d1"/>
      </object_component>
      <object_component id="oc-12a">
         <name>.debug_info</name>
         <load_address>0x13b1a</load_address>
         <run_address>0x13b1a</run_address>
         <size>0x25d</size>
         <input_file_ref idref="fl-d1"/>
      </object_component>
      <object_component id="oc-130">
         <name>.debug_info</name>
         <load_address>0x13d77</load_address>
         <run_address>0x13d77</run_address>
         <size>0x237</size>
         <input_file_ref idref="fl-d1"/>
      </object_component>
      <object_component id="oc-1e2">
         <name>.debug_info</name>
         <load_address>0x13fae</load_address>
         <run_address>0x13fae</run_address>
         <size>0x90</size>
         <input_file_ref idref="fl-d1"/>
      </object_component>
      <object_component id="oc-1bd">
         <name>.debug_info</name>
         <load_address>0x1403e</load_address>
         <run_address>0x1403e</run_address>
         <size>0x18b</size>
         <input_file_ref idref="fl-d1"/>
      </object_component>
      <object_component id="oc-1d6">
         <name>.debug_info</name>
         <load_address>0x141c9</load_address>
         <run_address>0x141c9</run_address>
         <size>0x144</size>
         <input_file_ref idref="fl-d2"/>
      </object_component>
      <object_component id="oc-144">
         <name>.debug_info</name>
         <load_address>0x1430d</load_address>
         <run_address>0x1430d</run_address>
         <size>0x190</size>
         <input_file_ref idref="fl-d2"/>
      </object_component>
      <object_component id="oc-112">
         <name>.debug_info</name>
         <load_address>0x1449d</load_address>
         <run_address>0x1449d</run_address>
         <size>0x1c5</size>
         <input_file_ref idref="fl-d2"/>
      </object_component>
      <object_component id="oc-118">
         <name>.debug_info</name>
         <load_address>0x14662</load_address>
         <run_address>0x14662</run_address>
         <size>0x185</size>
         <input_file_ref idref="fl-d2"/>
      </object_component>
      <object_component id="oc-d3">
         <name>.debug_info</name>
         <load_address>0x147e7</load_address>
         <run_address>0x147e7</run_address>
         <size>0x16e</size>
         <input_file_ref idref="fl-d3"/>
      </object_component>
      <object_component id="oc-e2">
         <name>.debug_info</name>
         <load_address>0x14955</load_address>
         <run_address>0x14955</run_address>
         <size>0x176</size>
         <input_file_ref idref="fl-d3"/>
      </object_component>
      <object_component id="oc-e9">
         <name>.debug_info</name>
         <load_address>0x14acb</load_address>
         <run_address>0x14acb</run_address>
         <size>0x173</size>
         <input_file_ref idref="fl-d3"/>
      </object_component>
      <object_component id="oc-f4">
         <name>.debug_info</name>
         <load_address>0x14c3e</load_address>
         <run_address>0x14c3e</run_address>
         <size>0x1a1</size>
         <input_file_ref idref="fl-d3"/>
      </object_component>
      <object_component id="oc-fb">
         <name>.debug_info</name>
         <load_address>0x14ddf</load_address>
         <run_address>0x14ddf</run_address>
         <size>0x180</size>
         <input_file_ref idref="fl-d3"/>
      </object_component>
      <object_component id="oc-297">
         <name>.debug_info</name>
         <load_address>0x14f5f</load_address>
         <run_address>0x14f5f</run_address>
         <size>0xbb</size>
      </object_component>
      <object_component id="oc-1a8">
         <name>.debug_line</name>
         <load_address>0x0</load_address>
         <run_address>0x0</run_address>
         <size>0xd1</size>
         <input_file_ref idref="fl-2"/>
      </object_component>
      <object_component id="oc-1ae">
         <name>.debug_line</name>
         <load_address>0xd1</load_address>
         <run_address>0xd1</run_address>
         <size>0x40</size>
         <input_file_ref idref="fl-2"/>
      </object_component>
      <object_component id="oc-1b0">
         <name>.debug_line</name>
         <load_address>0x111</load_address>
         <run_address>0x111</run_address>
         <size>0x40</size>
         <input_file_ref idref="fl-2"/>
      </object_component>
      <object_component id="oc-1b2">
         <name>.debug_line</name>
         <load_address>0x151</load_address>
         <run_address>0x151</run_address>
         <size>0x40</size>
         <input_file_ref idref="fl-2"/>
      </object_component>
      <object_component id="oc-1b7">
         <name>.debug_line</name>
         <load_address>0x191</load_address>
         <run_address>0x191</run_address>
         <size>0x42</size>
         <input_file_ref idref="fl-2"/>
      </object_component>
      <object_component id="oc-1b9">
         <name>.debug_line</name>
         <load_address>0x1d3</load_address>
         <run_address>0x1d3</run_address>
         <size>0x42</size>
         <input_file_ref idref="fl-2"/>
      </object_component>
      <object_component id="oc-1b4">
         <name>.debug_line</name>
         <load_address>0x215</load_address>
         <run_address>0x215</run_address>
         <size>0x42</size>
         <input_file_ref idref="fl-2"/>
      </object_component>
      <object_component id="oc-1bb">
         <name>.debug_line</name>
         <load_address>0x257</load_address>
         <run_address>0x257</run_address>
         <size>0x42</size>
         <input_file_ref idref="fl-2"/>
      </object_component>
      <object_component id="oc-1c6">
         <name>.debug_line</name>
         <load_address>0x299</load_address>
         <run_address>0x299</run_address>
         <size>0x45</size>
         <input_file_ref idref="fl-2"/>
      </object_component>
      <object_component id="oc-1ca">
         <name>.debug_line</name>
         <load_address>0x2de</load_address>
         <run_address>0x2de</run_address>
         <size>0x45</size>
         <input_file_ref idref="fl-2"/>
      </object_component>
      <object_component id="oc-1cc">
         <name>.debug_line</name>
         <load_address>0x323</load_address>
         <run_address>0x323</run_address>
         <size>0x45</size>
         <input_file_ref idref="fl-2"/>
      </object_component>
      <object_component id="oc-1ce">
         <name>.debug_line</name>
         <load_address>0x368</load_address>
         <run_address>0x368</run_address>
         <size>0x45</size>
         <input_file_ref idref="fl-2"/>
      </object_component>
      <object_component id="oc-1d0">
         <name>.debug_line</name>
         <load_address>0x3ad</load_address>
         <run_address>0x3ad</run_address>
         <size>0x45</size>
         <input_file_ref idref="fl-2"/>
      </object_component>
      <object_component id="oc-1d2">
         <name>.debug_line</name>
         <load_address>0x3f2</load_address>
         <run_address>0x3f2</run_address>
         <size>0x45</size>
         <input_file_ref idref="fl-2"/>
      </object_component>
      <object_component id="oc-1c4">
         <name>.debug_line</name>
         <load_address>0x437</load_address>
         <run_address>0x437</run_address>
         <size>0x45</size>
         <input_file_ref idref="fl-2"/>
      </object_component>
      <object_component id="oc-1d4">
         <name>.debug_line</name>
         <load_address>0x47c</load_address>
         <run_address>0x47c</run_address>
         <size>0x3f</size>
         <input_file_ref idref="fl-2"/>
      </object_component>
      <object_component id="oc-1eb">
         <name>.debug_line</name>
         <load_address>0x4bb</load_address>
         <run_address>0x4bb</run_address>
         <size>0x2d</size>
         <input_file_ref idref="fl-2"/>
      </object_component>
      <object_component id="oc-9c">
         <name>.debug_line</name>
         <load_address>0x4e8</load_address>
         <run_address>0x4e8</run_address>
         <size>0x269d</size>
         <input_file_ref idref="fl-2"/>
      </object_component>
      <object_component id="oc-1ab">
         <name>.debug_line</name>
         <load_address>0x2b85</load_address>
         <run_address>0x2b85</run_address>
         <size>0x42</size>
         <input_file_ref idref="fl-2"/>
      </object_component>
      <object_component id="oc-70">
         <name>.debug_line</name>
         <load_address>0x2bc7</load_address>
         <run_address>0x2bc7</run_address>
         <size>0x69</size>
         <input_file_ref idref="fl-2"/>
      </object_component>
      <object_component id="oc-b2">
         <name>.debug_line</name>
         <load_address>0x2c30</load_address>
         <run_address>0x2c30</run_address>
         <size>0x20</size>
         <input_file_ref idref="fl-2"/>
      </object_component>
      <object_component id="oc-ad">
         <name>.debug_line</name>
         <load_address>0x2c50</load_address>
         <run_address>0x2c50</run_address>
         <size>0x6d</size>
         <input_file_ref idref="fl-2"/>
      </object_component>
      <object_component id="oc-167">
         <name>.debug_line</name>
         <load_address>0x2cbd</load_address>
         <run_address>0x2cbd</run_address>
         <size>0x69</size>
         <input_file_ref idref="fl-2"/>
      </object_component>
      <object_component id="oc-75">
         <name>.debug_line</name>
         <load_address>0x2d26</load_address>
         <run_address>0x2d26</run_address>
         <size>0x6a</size>
         <input_file_ref idref="fl-2"/>
      </object_component>
      <object_component id="oc-6c">
         <name>.debug_line</name>
         <load_address>0x2d90</load_address>
         <run_address>0x2d90</run_address>
         <size>0x41</size>
         <input_file_ref idref="fl-3"/>
      </object_component>
      <object_component id="oc-2b">
         <name>.debug_line</name>
         <load_address>0x2dd1</load_address>
         <run_address>0x2dd1</run_address>
         <size>0x41</size>
         <input_file_ref idref="fl-3"/>
      </object_component>
      <object_component id="oc-29">
         <name>.debug_line</name>
         <load_address>0x2e12</load_address>
         <run_address>0x2e12</run_address>
         <size>0xa1</size>
         <input_file_ref idref="fl-3"/>
      </object_component>
      <object_component id="oc-36">
         <name>.debug_line</name>
         <load_address>0x2eb3</load_address>
         <run_address>0x2eb3</run_address>
         <size>0x20</size>
         <input_file_ref idref="fl-3"/>
      </object_component>
      <object_component id="oc-22d">
         <name>.debug_line</name>
         <load_address>0x2ed3</load_address>
         <run_address>0x2ed3</run_address>
         <size>0x2a</size>
         <input_file_ref idref="fl-be"/>
      </object_component>
      <object_component id="oc-15c">
         <name>.debug_line</name>
         <load_address>0x2efd</load_address>
         <run_address>0x2efd</run_address>
         <size>0xe3</size>
         <input_file_ref idref="fl-be"/>
      </object_component>
      <object_component id="oc-231">
         <name>.debug_line</name>
         <load_address>0x2fe0</load_address>
         <run_address>0x2fe0</run_address>
         <size>0x92</size>
         <input_file_ref idref="fl-be"/>
      </object_component>
      <object_component id="oc-1fb">
         <name>.debug_line</name>
         <load_address>0x3072</load_address>
         <run_address>0x3072</run_address>
         <size>0x8f</size>
         <input_file_ref idref="fl-be"/>
      </object_component>
      <object_component id="oc-269">
         <name>.debug_line</name>
         <load_address>0x3101</load_address>
         <run_address>0x3101</run_address>
         <size>0x20</size>
         <input_file_ref idref="fl-bf"/>
      </object_component>
      <object_component id="oc-256">
         <name>.debug_line</name>
         <load_address>0x3121</load_address>
         <run_address>0x3121</run_address>
         <size>0x2c</size>
         <input_file_ref idref="fl-bf"/>
      </object_component>
      <object_component id="oc-1f5">
         <name>.debug_line</name>
         <load_address>0x314d</load_address>
         <run_address>0x314d</run_address>
         <size>0xca</size>
         <input_file_ref idref="fl-bf"/>
      </object_component>
      <object_component id="oc-14d">
         <name>.debug_line</name>
         <load_address>0x3217</load_address>
         <run_address>0x3217</run_address>
         <size>0xd2</size>
         <input_file_ref idref="fl-c0"/>
      </object_component>
      <object_component id="oc-154">
         <name>.debug_line</name>
         <load_address>0x32e9</load_address>
         <run_address>0x32e9</run_address>
         <size>0x77</size>
         <input_file_ref idref="fl-c1"/>
      </object_component>
      <object_component id="oc-224">
         <name>.debug_line</name>
         <load_address>0x3360</load_address>
         <run_address>0x3360</run_address>
         <size>0x77</size>
         <input_file_ref idref="fl-c1"/>
      </object_component>
      <object_component id="oc-162">
         <name>.debug_line</name>
         <load_address>0x33d7</load_address>
         <run_address>0x33d7</run_address>
         <size>0xa8</size>
         <input_file_ref idref="fl-c2"/>
      </object_component>
      <object_component id="oc-152">
         <name>.debug_line</name>
         <load_address>0x347f</load_address>
         <run_address>0x347f</run_address>
         <size>0x8e</size>
         <input_file_ref idref="fl-c3"/>
      </object_component>
      <object_component id="oc-13f">
         <name>.debug_line</name>
         <load_address>0x350d</load_address>
         <run_address>0x350d</run_address>
         <size>0x4c</size>
         <input_file_ref idref="fl-c4"/>
      </object_component>
      <object_component id="oc-c2">
         <name>.debug_line</name>
         <load_address>0x3559</load_address>
         <run_address>0x3559</run_address>
         <size>0x9e</size>
         <input_file_ref idref="fl-c5"/>
      </object_component>
      <object_component id="oc-48">
         <name>.debug_line</name>
         <load_address>0x35f7</load_address>
         <run_address>0x35f7</run_address>
         <size>0x4f</size>
         <input_file_ref idref="fl-c5"/>
      </object_component>
      <object_component id="oc-89">
         <name>.debug_line</name>
         <load_address>0x3646</load_address>
         <run_address>0x3646</run_address>
         <size>0x34</size>
         <input_file_ref idref="fl-c5"/>
      </object_component>
      <object_component id="oc-bf">
         <name>.debug_line</name>
         <load_address>0x367a</load_address>
         <run_address>0x367a</run_address>
         <size>0x8a</size>
         <input_file_ref idref="fl-c5"/>
      </object_component>
      <object_component id="oc-84">
         <name>.debug_line</name>
         <load_address>0x3704</load_address>
         <run_address>0x3704</run_address>
         <size>0x20</size>
         <input_file_ref idref="fl-c6"/>
      </object_component>
      <object_component id="oc-1c">
         <name>.debug_line</name>
         <load_address>0x3724</load_address>
         <run_address>0x3724</run_address>
         <size>0x55</size>
         <input_file_ref idref="fl-c6"/>
      </object_component>
      <object_component id="oc-41">
         <name>.debug_line</name>
         <load_address>0x3779</load_address>
         <run_address>0x3779</run_address>
         <size>0x3a</size>
         <input_file_ref idref="fl-c6"/>
      </object_component>
      <object_component id="oc-81">
         <name>.debug_line</name>
         <load_address>0x37b3</load_address>
         <run_address>0x37b3</run_address>
         <size>0x8a</size>
         <input_file_ref idref="fl-c6"/>
      </object_component>
      <object_component id="oc-bb">
         <name>.debug_line</name>
         <load_address>0x383d</load_address>
         <run_address>0x383d</run_address>
         <size>0x20</size>
         <input_file_ref idref="fl-c7"/>
      </object_component>
      <object_component id="oc-17">
         <name>.debug_line</name>
         <load_address>0x385d</load_address>
         <run_address>0x385d</run_address>
         <size>0xa9</size>
         <input_file_ref idref="fl-c7"/>
      </object_component>
      <object_component id="oc-31">
         <name>.debug_line</name>
         <load_address>0x3906</load_address>
         <run_address>0x3906</run_address>
         <size>0x3a</size>
         <input_file_ref idref="fl-c7"/>
      </object_component>
      <object_component id="oc-b8">
         <name>.debug_line</name>
         <load_address>0x3940</load_address>
         <run_address>0x3940</run_address>
         <size>0x92</size>
         <input_file_ref idref="fl-c7"/>
      </object_component>
      <object_component id="oc-7a">
         <name>.debug_line</name>
         <load_address>0x39d2</load_address>
         <run_address>0x39d2</run_address>
         <size>0x8e</size>
         <input_file_ref idref="fl-c7"/>
      </object_component>
      <object_component id="oc-69">
         <name>.debug_line</name>
         <load_address>0x3a60</load_address>
         <run_address>0x3a60</run_address>
         <size>0x33</size>
         <input_file_ref idref="fl-c8"/>
      </object_component>
      <object_component id="oc-57">
         <name>.debug_line</name>
         <load_address>0x3a93</load_address>
         <run_address>0x3a93</run_address>
         <size>0x56</size>
         <input_file_ref idref="fl-c8"/>
      </object_component>
      <object_component id="oc-16a">
         <name>.debug_line</name>
         <load_address>0x3ae9</load_address>
         <run_address>0x3ae9</run_address>
         <size>0x3c</size>
         <input_file_ref idref="fl-c9"/>
      </object_component>
      <object_component id="oc-3c">
         <name>.debug_line</name>
         <load_address>0x3b25</load_address>
         <run_address>0x3b25</run_address>
         <size>0x88</size>
         <input_file_ref idref="fl-cc"/>
      </object_component>
      <object_component id="oc-242">
         <name>.debug_line</name>
         <load_address>0x3bad</load_address>
         <run_address>0x3bad</run_address>
         <size>0xb7</size>
         <input_file_ref idref="fl-ce"/>
      </object_component>
      <object_component id="oc-179">
         <name>.debug_line</name>
         <load_address>0x3c64</load_address>
         <run_address>0x3c64</run_address>
         <size>0x6c</size>
         <input_file_ref idref="fl-ce"/>
      </object_component>
      <object_component id="oc-246">
         <name>.debug_line</name>
         <load_address>0x3cd0</load_address>
         <run_address>0x3cd0</run_address>
         <size>0x2e</size>
         <input_file_ref idref="fl-ce"/>
      </object_component>
      <object_component id="oc-25f">
         <name>.debug_line</name>
         <load_address>0x3cfe</load_address>
         <run_address>0x3cfe</run_address>
         <size>0x92</size>
         <input_file_ref idref="fl-ce"/>
      </object_component>
      <object_component id="oc-24b">
         <name>.debug_line</name>
         <load_address>0x3d90</load_address>
         <run_address>0x3d90</run_address>
         <size>0x8f</size>
         <input_file_ref idref="fl-ce"/>
      </object_component>
      <object_component id="oc-250">
         <name>.debug_line</name>
         <load_address>0x3e1f</load_address>
         <run_address>0x3e1f</run_address>
         <size>0x8b</size>
         <input_file_ref idref="fl-ce"/>
      </object_component>
      <object_component id="oc-94">
         <name>.debug_line</name>
         <load_address>0x3eaa</load_address>
         <run_address>0x3eaa</run_address>
         <size>0x40</size>
         <input_file_ref idref="fl-cf"/>
      </object_component>
      <object_component id="oc-222">
         <name>.debug_line</name>
         <load_address>0x3eea</load_address>
         <run_address>0x3eea</run_address>
         <size>0x5b</size>
         <input_file_ref idref="fl-d1"/>
      </object_component>
      <object_component id="oc-127">
         <name>.debug_line</name>
         <load_address>0x3f45</load_address>
         <run_address>0x3f45</run_address>
         <size>0x6c</size>
         <input_file_ref idref="fl-d1"/>
      </object_component>
      <object_component id="oc-1dc">
         <name>.debug_line</name>
         <load_address>0x3fb1</load_address>
         <run_address>0x3fb1</run_address>
         <size>0x6d</size>
         <input_file_ref idref="fl-d1"/>
      </object_component>
      <object_component id="oc-121">
         <name>.debug_line</name>
         <load_address>0x401e</load_address>
         <run_address>0x401e</run_address>
         <size>0x7d</size>
         <input_file_ref idref="fl-d1"/>
      </object_component>
      <object_component id="oc-139">
         <name>.debug_line</name>
         <load_address>0x409b</load_address>
         <run_address>0x409b</run_address>
         <size>0x6b</size>
         <input_file_ref idref="fl-d1"/>
      </object_component>
      <object_component id="oc-12d">
         <name>.debug_line</name>
         <load_address>0x4106</load_address>
         <run_address>0x4106</run_address>
         <size>0x6c</size>
         <input_file_ref idref="fl-d1"/>
      </object_component>
      <object_component id="oc-133">
         <name>.debug_line</name>
         <load_address>0x4172</load_address>
         <run_address>0x4172</run_address>
         <size>0x6c</size>
         <input_file_ref idref="fl-d1"/>
      </object_component>
      <object_component id="oc-1e5">
         <name>.debug_line</name>
         <load_address>0x41de</load_address>
         <run_address>0x41de</run_address>
         <size>0x20</size>
         <input_file_ref idref="fl-d1"/>
      </object_component>
      <object_component id="oc-1c0">
         <name>.debug_line</name>
         <load_address>0x41fe</load_address>
         <run_address>0x41fe</run_address>
         <size>0x5e</size>
         <input_file_ref idref="fl-d1"/>
      </object_component>
      <object_component id="oc-21f">
         <name>.debug_line</name>
         <load_address>0x425c</load_address>
         <run_address>0x425c</run_address>
         <size>0x5b</size>
         <input_file_ref idref="fl-d2"/>
      </object_component>
      <object_component id="oc-148">
         <name>.debug_line</name>
         <load_address>0x42b7</load_address>
         <run_address>0x42b7</run_address>
         <size>0x6e</size>
         <input_file_ref idref="fl-d2"/>
      </object_component>
      <object_component id="oc-115">
         <name>.debug_line</name>
         <load_address>0x4325</load_address>
         <run_address>0x4325</run_address>
         <size>0x6e</size>
         <input_file_ref idref="fl-d2"/>
      </object_component>
      <object_component id="oc-11b">
         <name>.debug_line</name>
         <load_address>0x4393</load_address>
         <run_address>0x4393</run_address>
         <size>0x6b</size>
         <input_file_ref idref="fl-d2"/>
      </object_component>
      <object_component id="oc-d2">
         <name>.debug_line</name>
         <load_address>0x43fe</load_address>
         <run_address>0x43fe</run_address>
         <size>0x67</size>
         <input_file_ref idref="fl-d3"/>
      </object_component>
      <object_component id="oc-e5">
         <name>.debug_line</name>
         <load_address>0x4465</load_address>
         <run_address>0x4465</run_address>
         <size>0x6a</size>
         <input_file_ref idref="fl-d3"/>
      </object_component>
      <object_component id="oc-e8">
         <name>.debug_line</name>
         <load_address>0x44cf</load_address>
         <run_address>0x44cf</run_address>
         <size>0x6a</size>
         <input_file_ref idref="fl-d3"/>
      </object_component>
      <object_component id="oc-f7">
         <name>.debug_line</name>
         <load_address>0x4539</load_address>
         <run_address>0x4539</run_address>
         <size>0x67</size>
         <input_file_ref idref="fl-d3"/>
      </object_component>
      <object_component id="oc-fa">
         <name>.debug_line</name>
         <load_address>0x45a0</load_address>
         <run_address>0x45a0</run_address>
         <size>0x6a</size>
         <input_file_ref idref="fl-d3"/>
      </object_component>
      <object_component id="oc-9d">
         <name>.debug_frame</name>
         <load_address>0x0</load_address>
         <run_address>0x0</run_address>
         <size>0x16b0</size>
         <input_file_ref idref="fl-2"/>
      </object_component>
      <object_component id="oc-28">
         <name>.debug_frame</name>
         <load_address>0x16b0</load_address>
         <run_address>0x16b0</run_address>
         <size>0x90</size>
         <input_file_ref idref="fl-3"/>
      </object_component>
      <object_component id="oc-15d">
         <name>.debug_frame</name>
         <load_address>0x1740</load_address>
         <run_address>0x1740</run_address>
         <size>0x6c</size>
         <input_file_ref idref="fl-be"/>
      </object_component>
      <object_component id="oc-1f1">
         <name>.debug_frame</name>
         <load_address>0x17ac</load_address>
         <run_address>0x17ac</run_address>
         <size>0x6c</size>
         <input_file_ref idref="fl-bf"/>
      </object_component>
      <object_component id="oc-49">
         <name>.debug_frame</name>
         <load_address>0x1818</load_address>
         <run_address>0x1818</run_address>
         <size>0x54</size>
         <input_file_ref idref="fl-c5"/>
      </object_component>
      <object_component id="oc-1d">
         <name>.debug_frame</name>
         <load_address>0x186c</load_address>
         <run_address>0x186c</run_address>
         <size>0x54</size>
         <input_file_ref idref="fl-c6"/>
      </object_component>
      <object_component id="oc-13">
         <name>.debug_frame</name>
         <load_address>0x18c0</load_address>
         <run_address>0x18c0</run_address>
         <size>0x60</size>
         <input_file_ref idref="fl-c7"/>
      </object_component>
      <object_component id="oc-5b">
         <name>.debug_frame</name>
         <load_address>0x1920</load_address>
         <run_address>0x1920</run_address>
         <size>0x58</size>
         <input_file_ref idref="fl-c8"/>
      </object_component>
      <object_component id="oc-16b">
         <name>.debug_frame</name>
         <load_address>0x1978</load_address>
         <run_address>0x1978</run_address>
         <size>0x54</size>
         <input_file_ref idref="fl-c9"/>
      </object_component>
      <object_component id="oc-17a">
         <name>.debug_frame</name>
         <load_address>0x19cc</load_address>
         <run_address>0x19cc</run_address>
         <size>0x5c</size>
         <input_file_ref idref="fl-ce"/>
      </object_component>
      <object_component id="oc-93">
         <name>.debug_frame</name>
         <load_address>0x1a28</load_address>
         <run_address>0x1a28</run_address>
         <size>0x54</size>
         <input_file_ref idref="fl-cf"/>
      </object_component>
      <object_component id="oc-128">
         <name>.debug_frame</name>
         <load_address>0x1a7c</load_address>
         <run_address>0x1a7c</run_address>
         <size>0x7f</size>
         <input_file_ref idref="fl-d1"/>
      </object_component>
      <object_component id="oc-1dd">
         <name>.debug_frame</name>
         <load_address>0x1afb</load_address>
         <run_address>0x1afb</run_address>
         <size>0x7f</size>
         <input_file_ref idref="fl-d1"/>
      </object_component>
      <object_component id="oc-122">
         <name>.debug_frame</name>
         <load_address>0x1b7a</load_address>
         <run_address>0x1b7a</run_address>
         <size>0x8b</size>
         <input_file_ref idref="fl-d1"/>
      </object_component>
      <object_component id="oc-13a">
         <name>.debug_frame</name>
         <load_address>0x1c05</load_address>
         <run_address>0x1c05</run_address>
         <size>0x7f</size>
         <input_file_ref idref="fl-d1"/>
      </object_component>
      <object_component id="oc-12e">
         <name>.debug_frame</name>
         <load_address>0x1c84</load_address>
         <run_address>0x1c84</run_address>
         <size>0x7f</size>
         <input_file_ref idref="fl-d1"/>
      </object_component>
      <object_component id="oc-134">
         <name>.debug_frame</name>
         <load_address>0x1d03</load_address>
         <run_address>0x1d03</run_address>
         <size>0x7f</size>
         <input_file_ref idref="fl-d1"/>
      </object_component>
      <object_component id="oc-147">
         <name>.debug_frame</name>
         <load_address>0x1d82</load_address>
         <run_address>0x1d82</run_address>
         <size>0x7f</size>
         <input_file_ref idref="fl-d2"/>
      </object_component>
      <object_component id="oc-116">
         <name>.debug_frame</name>
         <load_address>0x1e01</load_address>
         <run_address>0x1e01</run_address>
         <size>0x7f</size>
         <input_file_ref idref="fl-d2"/>
      </object_component>
      <object_component id="oc-11c">
         <name>.debug_frame</name>
         <load_address>0x1e80</load_address>
         <run_address>0x1e80</run_address>
         <size>0x7f</size>
         <input_file_ref idref="fl-d2"/>
      </object_component>
      <object_component id="oc-d6">
         <name>.debug_frame</name>
         <load_address>0x1eff</load_address>
         <run_address>0x1eff</run_address>
         <size>0x7f</size>
         <input_file_ref idref="fl-d3"/>
      </object_component>
      <object_component id="oc-e6">
         <name>.debug_frame</name>
         <load_address>0x1f7e</load_address>
         <run_address>0x1f7e</run_address>
         <size>0x7f</size>
         <input_file_ref idref="fl-d3"/>
      </object_component>
      <object_component id="oc-ec">
         <name>.debug_frame</name>
         <load_address>0x1ffd</load_address>
         <run_address>0x1ffd</run_address>
         <size>0x7f</size>
         <input_file_ref idref="fl-d3"/>
      </object_component>
      <object_component id="oc-f8">
         <name>.debug_frame</name>
         <load_address>0x207c</load_address>
         <run_address>0x207c</run_address>
         <size>0x7f</size>
         <input_file_ref idref="fl-d3"/>
      </object_component>
      <object_component id="oc-fe">
         <name>.debug_frame</name>
         <load_address>0x20fb</load_address>
         <run_address>0x20fb</run_address>
         <size>0x7f</size>
         <input_file_ref idref="fl-d3"/>
      </object_component>
      <object_component id="oc-1a7">
         <name>.debug_abbrev</name>
         <load_address>0x0</load_address>
         <run_address>0x0</run_address>
         <size>0x116</size>
         <input_file_ref idref="fl-2"/>
      </object_component>
      <object_component id="oc-1ad">
         <name>.debug_abbrev</name>
         <load_address>0x116</load_address>
         <run_address>0x116</run_address>
         <size>0x27</size>
         <input_file_ref idref="fl-2"/>
      </object_component>
      <object_component id="oc-1af">
         <name>.debug_abbrev</name>
         <load_address>0x13d</load_address>
         <run_address>0x13d</run_address>
         <size>0x27</size>
         <input_file_ref idref="fl-2"/>
      </object_component>
      <object_component id="oc-1b1">
         <name>.debug_abbrev</name>
         <load_address>0x164</load_address>
         <run_address>0x164</run_address>
         <size>0x27</size>
         <input_file_ref idref="fl-2"/>
      </object_component>
      <object_component id="oc-1b6">
         <name>.debug_abbrev</name>
         <load_address>0x18b</load_address>
         <run_address>0x18b</run_address>
         <size>0x27</size>
         <input_file_ref idref="fl-2"/>
      </object_component>
      <object_component id="oc-1b8">
         <name>.debug_abbrev</name>
         <load_address>0x1b2</load_address>
         <run_address>0x1b2</run_address>
         <size>0x27</size>
         <input_file_ref idref="fl-2"/>
      </object_component>
      <object_component id="oc-1b3">
         <name>.debug_abbrev</name>
         <load_address>0x1d9</load_address>
         <run_address>0x1d9</run_address>
         <size>0x27</size>
         <input_file_ref idref="fl-2"/>
      </object_component>
      <object_component id="oc-1ba">
         <name>.debug_abbrev</name>
         <load_address>0x200</load_address>
         <run_address>0x200</run_address>
         <size>0x27</size>
         <input_file_ref idref="fl-2"/>
      </object_component>
      <object_component id="oc-1c5">
         <name>.debug_abbrev</name>
         <load_address>0x227</load_address>
         <run_address>0x227</run_address>
         <size>0x27</size>
         <input_file_ref idref="fl-2"/>
      </object_component>
      <object_component id="oc-1c9">
         <name>.debug_abbrev</name>
         <load_address>0x24e</load_address>
         <run_address>0x24e</run_address>
         <size>0x27</size>
         <input_file_ref idref="fl-2"/>
      </object_component>
      <object_component id="oc-1cb">
         <name>.debug_abbrev</name>
         <load_address>0x275</load_address>
         <run_address>0x275</run_address>
         <size>0x27</size>
         <input_file_ref idref="fl-2"/>
      </object_component>
      <object_component id="oc-1cd">
         <name>.debug_abbrev</name>
         <load_address>0x29c</load_address>
         <run_address>0x29c</run_address>
         <size>0x27</size>
         <input_file_ref idref="fl-2"/>
      </object_component>
      <object_component id="oc-1cf">
         <name>.debug_abbrev</name>
         <load_address>0x2c3</load_address>
         <run_address>0x2c3</run_address>
         <size>0x27</size>
         <input_file_ref idref="fl-2"/>
      </object_component>
      <object_component id="oc-1d1">
         <name>.debug_abbrev</name>
         <load_address>0x2ea</load_address>
         <run_address>0x2ea</run_address>
         <size>0x27</size>
         <input_file_ref idref="fl-2"/>
      </object_component>
      <object_component id="oc-1c3">
         <name>.debug_abbrev</name>
         <load_address>0x311</load_address>
         <run_address>0x311</run_address>
         <size>0x29</size>
         <input_file_ref idref="fl-2"/>
      </object_component>
      <object_component id="oc-1d3">
         <name>.debug_abbrev</name>
         <load_address>0x33a</load_address>
         <run_address>0x33a</run_address>
         <size>0x27</size>
         <input_file_ref idref="fl-2"/>
      </object_component>
      <object_component id="oc-1ea">
         <name>.debug_abbrev</name>
         <load_address>0x361</load_address>
         <run_address>0x361</run_address>
         <size>0x29</size>
         <input_file_ref idref="fl-2"/>
      </object_component>
      <object_component id="oc-163">
         <name>.debug_abbrev</name>
         <load_address>0x38a</load_address>
         <run_address>0x38a</run_address>
         <size>0x20d</size>
         <input_file_ref idref="fl-2"/>
      </object_component>
      <object_component id="oc-1aa">
         <name>.debug_abbrev</name>
         <load_address>0x597</load_address>
         <run_address>0x597</run_address>
         <size>0x38</size>
         <input_file_ref idref="fl-2"/>
      </object_component>
      <object_component id="oc-6f">
         <name>.debug_abbrev</name>
         <load_address>0x5cf</load_address>
         <run_address>0x5cf</run_address>
         <size>0x69</size>
         <input_file_ref idref="fl-2"/>
      </object_component>
      <object_component id="oc-b1">
         <name>.debug_abbrev</name>
         <load_address>0x638</load_address>
         <run_address>0x638</run_address>
         <size>0x1f</size>
         <input_file_ref idref="fl-2"/>
      </object_component>
      <object_component id="oc-ac">
         <name>.debug_abbrev</name>
         <load_address>0x657</load_address>
         <run_address>0x657</run_address>
         <size>0x5c</size>
         <input_file_ref idref="fl-2"/>
      </object_component>
      <object_component id="oc-166">
         <name>.debug_abbrev</name>
         <load_address>0x6b3</load_address>
         <run_address>0x6b3</run_address>
         <size>0x24</size>
         <input_file_ref idref="fl-2"/>
      </object_component>
      <object_component id="oc-74">
         <name>.debug_abbrev</name>
         <load_address>0x6d7</load_address>
         <run_address>0x6d7</run_address>
         <size>0x24</size>
         <input_file_ref idref="fl-2"/>
      </object_component>
      <object_component id="oc-6b">
         <name>.debug_abbrev</name>
         <load_address>0x6fb</load_address>
         <run_address>0x6fb</run_address>
         <size>0x68</size>
         <input_file_ref idref="fl-3"/>
      </object_component>
      <object_component id="oc-2a">
         <name>.debug_abbrev</name>
         <load_address>0x763</load_address>
         <run_address>0x763</run_address>
         <size>0x29</size>
         <input_file_ref idref="fl-3"/>
      </object_component>
      <object_component id="oc-6a">
         <name>.debug_abbrev</name>
         <load_address>0x78c</load_address>
         <run_address>0x78c</run_address>
         <size>0x79</size>
         <input_file_ref idref="fl-3"/>
      </object_component>
      <object_component id="oc-35">
         <name>.debug_abbrev</name>
         <load_address>0x805</load_address>
         <run_address>0x805</run_address>
         <size>0x1f</size>
         <input_file_ref idref="fl-3"/>
      </object_component>
      <object_component id="oc-22c">
         <name>.debug_abbrev</name>
         <load_address>0x824</load_address>
         <run_address>0x824</run_address>
         <size>0x44</size>
         <input_file_ref idref="fl-be"/>
      </object_component>
      <object_component id="oc-1f6">
         <name>.debug_abbrev</name>
         <load_address>0x868</load_address>
         <run_address>0x868</run_address>
         <size>0x7f</size>
         <input_file_ref idref="fl-be"/>
      </object_component>
      <object_component id="oc-230">
         <name>.debug_abbrev</name>
         <load_address>0x8e7</load_address>
         <run_address>0x8e7</run_address>
         <size>0x24</size>
         <input_file_ref idref="fl-be"/>
      </object_component>
      <object_component id="oc-1fa">
         <name>.debug_abbrev</name>
         <load_address>0x90b</load_address>
         <run_address>0x90b</run_address>
         <size>0x24</size>
         <input_file_ref idref="fl-be"/>
      </object_component>
      <object_component id="oc-268">
         <name>.debug_abbrev</name>
[...]
      </symbol>
      <symbol id="sm-480">
         <name>GPIOIntStatus</name>
         <value>0x86d</value>
         <object_component_ref idref="oc-98"/>
      </symbol>
      <symbol id="sm-481">
         <name>GPIOPinTypeGPIOOutput</name>
         <value>0xa33</value>
         <object_component_ref idref="oc-98"/>
      </symbol>
      <symbol id="sm-482">
         <name>GPIOIntTypeGet</name>
         <value>0x417</value>
         <object_component_ref idref="oc-98"/>
      </symbol>
      <symbol id="sm-483">
         <name>gpioPort_dInt</name>
         <value>0x34dd</value>
         <object_component_ref idref="oc-98"/>
      </symbol>
      <symbol id="sm-484">
         <name>GPIOPinRead</name>
         <value>0x8db</value>
         <object_component_ref idref="oc-98"/>
      </symbol>
      <symbol id="sm-485">
         <name>GPIODirModeSet</name>
         <value>0x2cb</value>
         <object_component_ref idref="oc-98"/>
      </symbol>
      <symbol id="sm-486">
         <name>IntUnregister</name>
         <value>0x1d47</value>
         <object_component_ref idref="oc-98"/>
      </symbol>
      <symbol id="sm-487">
         <name>ADCReferenceSet</name>
         <value>0x2e63</value>
         <object_component_ref idref="oc-98"/>
      </symbol>
      <symbol id="sm-488">
         <name>SysCtlGPIOAHBDisable</name>
         <value>0x1c15</value>
         <object_component_ref idref="oc-98"/>
      </symbol>
      <symbol id="sm-489">
         <name>SysCtlADCSpeedSet</name>
         <value>0x1bc1</value>
         <object_component_ref idref="oc-98"/>
      </symbol>
      <symbol id="sm-48a">
         <name>SysCtlSRAMSizeGet</name>
         <value>0xed1</value>
         <object_component_ref idref="oc-98"/>
      </symbol>
      <symbol id="sm-48b">
         <name>rx_UART</name>
         <value>0x300b</value>
         <object_component_ref idref="oc-98"/>
      </symbol>
      <symbol id="sm-48c">
         <name>GPIOPinTypeCIR</name>
         <value>0xd07</value>
         <object_component_ref idref="oc-98"/>
      </symbol>
      <symbol id="sm-48d">
         <name>SysCtlClockGet</name>
         <value>0x196d</value>
         <object_component_ref idref="oc-98"/>
      </symbol>
      <symbol id="sm-48e">
         <name>GPIOPinTypeFan</name>
         <value>0x9eb</value>
         <object_component_ref idref="oc-98"/>
      </symbol>
      <symbol id="sm-48f">
         <name>SysCtlPeripheralDisable</name>
         <value>0x10f1</value>
         <object_component_ref idref="oc-98"/>
      </symbol>
      <symbol id="sm-490">
         <name>PWMGenIntRegister</name>
         <value>0x2483</value>
         <object_component_ref idref="oc-98"/>
      </symbol>
      <symbol id="sm-491">
         <name>GPIOPinTypeQEI</name>
         <value>0xb77</value>
         <object_component_ref idref="oc-98"/>
      </symbol>
      <symbol id="sm-492">
         <name>ADCPhaseDelayGet</name>
         <value>0x2ea3</value>
         <object_component_ref idref="oc-98"/>
      </symbol>
      <symbol id="sm-493">
         <name>IntPriorityMaskGet</name>
         <value>0x2093</value>
         <object_component_ref idref="oc-98"/>
      </symbol>
      <symbol id="sm-494">
         <name>bump_response</name>
         <value>0x3519</value>
         <object_component_ref idref="oc-98"/>
      </symbol>
      <symbol id="sm-495">
         <name>PWMOutputState</name>
         <value>0x22b1</value>
         <object_component_ref idref="oc-98"/>
      </symbol>
      <symbol id="sm-496">
         <name>gpioPort_cInt</name>
         <value>0x34bf</value>
         <object_component_ref idref="oc-98"/>
      </symbol>
      <symbol id="sm-497">
         <name>ADCSequenceStepConfigure</name>
         <value>0x29c1</value>
         <object_component_ref idref="oc-98"/>
      </symbol>
      <symbol id="sm-498">
         <name>PWMGenEnable</name>
         <value>0x2165</value>
         <object_component_ref idref="oc-98"/>
      </symbol>
      <symbol id="sm-499">
         <name>GPIODMATriggerEnable</name>
         <value>0xd99</value>
         <object_component_ref idref="oc-98"/>
      </symbol>
      <symbol id="sm-49a">
         <name>right</name>
         <value>0x20000494</value>
         <object_component_ref idref="oc-140"/>
      </symbol>
      <symbol id="sm-49b">
         <name>right_wheel_edge_count</name>
         <value>0x20000478</value>
         <object_component_ref idref="oc-140"/>
      </symbol>
      <symbol id="sm-49c">
         <name>moveBackwards</name>
         <value>0x3775</value>
         <object_component_ref idref="oc-98"/>
      </symbol>
      <symbol id="sm-49d">
         <name>PWMFaultIntClear</name>
         <value>0x25f7</value>
         <object_component_ref idref="oc-98"/>
      </symbol>
      <symbol id="sm-49e">
         <name>PWMIntStatus</name>
         <value>0x2609</value>
         <object_component_ref idref="oc-98"/>
      </symbol>
      <symbol id="sm-49f">
         <name>GPIOPinTypeEthernetMII</name>
         <value>0x9c7</value>
         <object_component_ref idref="oc-98"/>
      </symbol>
      <symbol id="sm-4a0">
         <name>GPIOPinWrite</name>
         <value>0x8f3</value>
         <object_component_ref idref="oc-98"/>
      </symbol>
      <symbol id="sm-4a1">
         <name>SysCtlPWMClockSet</name>
         <value>0x1b8d</value>
         <object_component_ref idref="oc-98"/>
      </symbol>
      <symbol id="sm-4a2">
         <name>front_response</name>
         <value>0x3585</value>
         <object_component_ref idref="oc-98"/>
      </symbol>
      <symbol id="sm-4a3">
         <name>GPIOPadConfigSet</name>
         <value>0x4ad</value>
         <object_component_ref idref="oc-98"/>
      </symbol>
      <symbol id="sm-4a4">
         <name>ADCSequenceDMADisable</name>
         <value>0x2ecd</value>
         <object_component_ref idref="oc-98"/>
      </symbol>
      <symbol id="sm-4a5">
         <name>GPIOPinTypeLCD</name>
         <value>0xac3</value>
         <object_component_ref idref="oc-98"/>
      </symbol>
      <symbol id="sm-4a6">
         <name>g_pfnRAMVectors</name>
         <value>0x20000000</value>
         <object_component_ref idref="oc-ed"/>
      </symbol>
      <symbol id="sm-4a7">
         <name>GPIOPinTypeSSI</name>
         <value>0xb9b</value>
         <object_component_ref idref="oc-98"/>
      </symbol>
      <symbol id="sm-4a8">
         <name>ADCIntClear</name>
         <value>0x2921</value>
         <object_component_ref idref="oc-98"/>
      </symbol>
      <symbol id="sm-4a9">
         <name>SysCtlUSBPLLEnable</name>
         <value>0x1c31</value>
         <object_component_ref idref="oc-98"/>
      </symbol>
      <symbol id="sm-4aa">
         <name>ADCHardwareOversampleConfigure</name>
         <value>0x2ccf</value>
         <object_component_ref idref="oc-98"/>
      </symbol>
      <symbol id="sm-4ab">
         <name>SysCtlPeripheralSleepEnable</name>
         <value>0x1135</value>
         <object_component_ref idref="oc-98"/>
      </symbol>
      <symbol id="sm-4ac">
         <name>SysCtlIntUnregister</name>
         <value>0x12b9</value>
         <object_component_ref idref="oc-98"/>
      </symbol>
      <symbol id="sm-4ad">
         <name>PWMIntEnable</name>
         <value>0x25c7</value>
         <object_component_ref idref="oc-98"/>
      </symbol>
      <symbol id="sm-4ae">
         <name>ADCIntStatus</name>
         <value>0x28c9</value>
         <object_component_ref idref="oc-98"/>
      </symbol>
      <symbol id="sm-4af">
         <name>PWMGenConfigure</name>
         <value>0x20b3</value>
         <object_component_ref idref="oc-98"/>
      </symbol>
      <symbol id="sm-4b0">
         <name>ADCIntRegister</name>
         <value>0x2841</value>
         <object_component_ref idref="oc-98"/>
      </symbol>
      <symbol id="sm-4b1">
         <name>GPIOPinTypeTimer</name>
         <value>0xbbf</value>
         <object_component_ref idref="oc-98"/>
      </symbol>
      <symbol id="sm-4b2">
         <name>PWMGenIntTrigDisable</name>
         <value>0x2567</value>
         <object_component_ref idref="oc-98"/>
      </symbol>
      <symbol id="sm-4b3">
         <name>ADCSequenceDisable</name>
         <value>0x2951</value>
         <object_component_ref idref="oc-98"/>
      </symbol>
      <symbol id="sm-4b4">
         <name>PWMPulseWidthGet</name>
         <value>0x21e7</value>
         <object_component_ref idref="oc-98"/>
      </symbol>
      <symbol id="sm-4b5">
         <name>left_wheel_moveBackwards</name>
         <value>0x379d</value>
         <object_component_ref idref="oc-98"/>
      </symbol>
      <symbol id="sm-4b6">
         <name>ADCSoftwareOversampleDataGet</name>
         <value>0x2c61</value>
         <object_component_ref idref="oc-98"/>
      </symbol>
      <symbol id="sm-4b7">
         <name>GPIOPinTypeCAN</name>
         <value>0x937</value>
         <object_component_ref idref="oc-98"/>
      </symbol>
      <symbol id="sm-4b8">
         <name>GPIOPinTypePECITx</name>
         <value>0xb2f</value>
         <object_component_ref idref="oc-98"/>
      </symbol>
      <symbol id="sm-4b9">
         <name>SysCtlUSBPLLDisable</name>
         <value>0x1c3d</value>
         <object_component_ref idref="oc-98"/>
      </symbol>
      <symbol id="sm-4ba">
         <name>PWMOutputInvert</name>
         <value>0x22e3</value>
         <object_component_ref idref="oc-98"/>
      </symbol>
      <symbol id="sm-4bb">
         <name>wheel_speed</name>
         <value>0x36f9</value>
         <object_component_ref idref="oc-98"/>
      </symbol>
      <symbol id="sm-4bc">
         <name>left_wheel_moveForward</name>
         <value>0x37d1</value>
         <object_component_ref idref="oc-98"/>
      </symbol>
      <symbol id="sm-4bd">
         <name>SysCtlPeripheralReady</name>
         <value>0xf6d</value>
         <object_component_ref idref="oc-98"/>
      </symbol>
      <symbol id="sm-4be">
         <name>SysCtlPIOSCCalibrate</name>
         <value>0x13cd</value>
         <object_component_ref idref="oc-98"/>
      </symbol>
      <symbol id="sm-4bf">
         <name>SysCtlResetCauseClear</name>
         <value>0x13a3</value>
         <object_component_ref idref="oc-98"/>
      </symbol>
      <symbol id="sm-4c0">
         <name>ADCSequenceDataGet</name>
         <value>0x2b03</value>
         <object_component_ref idref="oc-98"/>
      </symbol>
      <symbol id="sm-4c1">
         <name>SysCtlLDOSleepGet</name>
         <value>0x1331</value>
         <object_component_ref idref="oc-98"/>
      </symbol>
      <symbol id="sm-4c2">
         <name>SysCtlClockFreqSet</name>
         <value>0x1481</value>
         <object_component_ref idref="oc-98"/>
      </symbol>
      <symbol id="sm-4c3">
         <name>obst_flag</name>
         <value>0x20000490</value>
         <object_component_ref idref="oc-140"/>
      </symbol>
      <symbol id="sm-4c4">
         <name>IntMasterEnable</name>
         <value>0x1ccb</value>
         <object_component_ref idref="oc-98"/>
      </symbol>
      <symbol id="sm-4c5">
         <name>gpio_start_interrupt</name>
         <value>0x31af</value>
         <object_component_ref idref="oc-98"/>
      </symbol>
      <symbol id="sm-4c6">
         <name>SysCtlPeripheralReset</name>
         <value>0x102d</value>
         <object_component_ref idref="oc-98"/>
      </symbol>
      <symbol id="sm-4c7">
         <name>GPIOPinTypePECIRx</name>
         <value>0xb0b</value>
         <object_component_ref idref="oc-98"/>
      </symbol>
      <symbol id="sm-4c8">
         <name>moveForward</name>
         <value>0x3715</value>
         <object_component_ref idref="oc-98"/>
      </symbol>
      <symbol id="sm-4c9">
         <name>GPIOPinTypeEPI</name>
         <value>0x97f</value>
         <object_component_ref idref="oc-98"/>
      </symbol>
      <symbol id="sm-4ca">
         <name>PWMFaultIntUnregister</name>
         <value>0x252f</value>
         <object_component_ref idref="oc-98"/>
      </symbol>
      <symbol id="sm-4cb">
         <name>GPIOPinTypeEthernetLED</name>
         <value>0x9a3</value>
         <object_component_ref idref="oc-98"/>
      </symbol>
      <symbol id="sm-4cc">
         <name>IntPendSet</name>
         <value>0x1fc9</value>
         <object_component_ref idref="oc-98"/>
      </symbol>
      <symbol id="sm-4cd">
         <name>GPIOPinWakeStatus</name>
         <value>0xd2b</value>
         <object_component_ref idref="oc-98"/>
      </symbol>
      <symbol id="sm-4ee">
         <name>ResetISR</name>
         <value>0x4531</value>
         <object_component_ref idref="oc-24"/>
      </symbol>
      <symbol id="sm-4ef">
         <name>g_pfnVectors</name>
         <value>0x0</value>
         <object_component_ref idref="oc-f"/>
      </symbol>
      <symbol id="sm-533">
         <name>atan2</name>
         <value>0x3bc9</value>
         <object_component_ref idref="oc-158"/>
      </symbol>
      <symbol id="sm-534">
         <name>atan2l</name>
         <value>0x3bc9</value>
         <object_component_ref idref="oc-158"/>
      </symbol>
      <symbol id="sm-56a">
         <name>atanl</name>
         <value>0x38dd</value>
         <object_component_ref idref="oc-1f0"/>
      </symbol>
      <symbol id="sm-56b">
         <name>atan</name>
         <value>0x38dd</value>
         <object_component_ref idref="oc-1f0"/>
      </symbol>
      <symbol id="sm-582">
         <name>__aeabi_dsub</name>
         <value>0x3db5</value>
         <object_component_ref idref="oc-149"/>
      </symbol>
      <symbol id="sm-583">
         <name>__aeabi_dadd</name>
         <value>0x3dbf</value>
         <object_component_ref idref="oc-149"/>
      </symbol>
      <symbol id="sm-5a5">
         <name>__aeabi_cdcmpeq</name>
         <value>0x4239</value>
         <object_component_ref idref="oc-153"/>
      </symbol>
      <symbol id="sm-5a6">
         <name>__aeabi_cdcmple</name>
         <value>0x4239</value>
         <object_component_ref idref="oc-153"/>
      </symbol>
      <symbol id="sm-5a7">
         <name>__aeabi_cdrcmple</name>
         <value>0x42bf</value>
         <object_component_ref idref="oc-223"/>
      </symbol>
      <symbol id="sm-5bb">
         <name>__aeabi_ddiv</name>
         <value>0x3f6b</value>
         <object_component_ref idref="oc-15e"/>
      </symbol>
      <symbol id="sm-5c6">
         <name>__aeabi_dmul</name>
         <value>0x40a1</value>
         <object_component_ref idref="oc-14e"/>
      </symbol>
      <symbol id="sm-5d0">
         <name>__aeabi_ui2d</name>
         <value>0x4469</value>
         <object_component_ref idref="oc-13b"/>
      </symbol>
      <symbol id="sm-5e9">
         <name>__TI_zero_init_nomemset</name>
         <value>0x44cd</value>
         <object_component_ref idref="oc-44"/>
      </symbol>
      <symbol id="sm-600">
         <name>__TI_decompress_none</name>
         <value>0x44f1</value>
         <object_component_ref idref="oc-18"/>
      </symbol>
      <symbol id="sm-623">
         <name>__TI_decompress_lzss</name>
         <value>0x4345</value>
         <object_component_ref idref="oc-12"/>
      </symbol>
      <symbol id="sm-636">
         <name>__stack</name>
         <value>0x20000270</value>
         <object_component_ref idref="oc-21"/>
      </symbol>
      <symbol id="sm-637">
         <name>_c_int00_noargs</name>
         <value>0x4431</value>
         <object_component_ref idref="oc-56"/>
      </symbol>
      <symbol id="sm-642">
         <name>C$$EXIT</name>
         <value>0x456f</value>
         <object_component_ref idref="oc-169"/>
      </symbol>
      <symbol id="sm-643">
         <name>abort</name>
         <value>0x456f</value>
         <object_component_ref idref="oc-169"/>
      </symbol>
      <symbol id="sm-660">
         <name>memcpy</name>
         <value>0x419d</value>
         <object_component_ref idref="oc-38"/>
      </symbol>
      <symbol id="sm-661">
         <name>__aeabi_memcpy</name>
         <value>0x419d</value>
         <object_component_ref idref="oc-38"/>
      </symbol>
      <symbol id="sm-662">
         <name>__aeabi_memcpy8</name>
         <value>0x419d</value>
         <object_component_ref idref="oc-38"/>
      </symbol>
      <symbol id="sm-663">
         <name>__aeabi_memcpy4</name>
         <value>0x419d</value>
         <object_component_ref idref="oc-38"/>
      </symbol>
      <symbol id="sm-68c">
         <name>__TI_auto_init_nobinit_nopinit</name>
         <value>0x43ad</value>
         <object_component_ref idref="oc-175"/>
      </symbol>
      <symbol id="sm-696">
         <name>_system_pre_init</name>
         <value>0x456b</value>
         <object_component_ref idref="oc-92"/>
      </symbol>
      <symbol id="sm-6e2">
         <name>UARTConfigSetExpClk</name>
         <value>0x43f1</value>
         <object_component_ref idref="oc-11d"/>
      </symbol>
      <symbol id="sm-6e3">
         <name>UARTDisable</name>
         <value>0x4489</value>
         <object_component_ref idref="oc-1d8"/>
      </symbol>
      <symbol id="sm-6e4">
         <name>UARTCharsAvail</name>
         <value>0x4525</value>
         <object_component_ref idref="oc-135"/>
      </symbol>
      <symbol id="sm-6e5">
         <name>UARTCharPut</name>
         <value>0x4551</value>
         <object_component_ref idref="oc-129"/>
      </symbol>
      <symbol id="sm-6e6">
         <name>UARTEnable</name>
         <value>0x44b9</value>
         <object_component_ref idref="oc-123"/>
      </symbol>
      <symbol id="sm-6e7">
         <name>UARTCharGet</name>
         <value>0x4547</value>
         <object_component_ref idref="oc-12f"/>
      </symbol>
      <symbol id="sm-70a">
         <name>SysTickEnable</name>
         <value>0x44a5</value>
         <object_component_ref idref="oc-117"/>
      </symbol>
      <symbol id="sm-70b">
         <name>SysTickValueGet</name>
         <value>0x4519</value>
         <object_component_ref idref="oc-143"/>
      </symbol>
      <symbol id="sm-70c">
         <name>SysTickPeriodSet</name>
         <value>0x44e1</value>
         <object_component_ref idref="oc-111"/>
      </symbol>
      <symbol id="sm-736">
         <name>CPUbasepriGet</name>
         <value>0x453d</value>
         <object_component_ref idref="oc-f9"/>
      </symbol>
      <symbol id="sm-737">
         <name>CPUbasepriSet</name>
         <value>0x455b</value>
         <object_component_ref idref="oc-f3"/>
      </symbol>
      <symbol id="sm-738">
         <name>CPUcpsie</name>
         <value>0x450b</value>
         <object_component_ref idref="oc-e1"/>
      </symbol>
      <symbol id="sm-739">
         <name>CPUcpsid</name>
         <value>0x44ff</value>
         <object_component_ref idref="oc-e7"/>
      </symbol>
      <symbol id="sm-73a">
         <name>CPUwfi</name>
         <value>0x4567</value>
         <object_component_ref idref="oc-d1"/>
      </symbol>
      <symbol id="sm-73b">
         <name>__TI_static_base__</name>
         <value>0x0</value>
      </symbol>
      <symbol id="sm-73e">
         <name>__mpu_init</name>
         <value>0x0</value>
      </symbol>
      <symbol id="sm-73f">
         <name>_system_post_cinit</name>
         <value>0x0</value>
      </symbol>
   </symbol_table>
   <title>Link successful</title>
</link_info>
